Component: ARM Compiler 5.06 update 4 (build 422) Tool: armlink [4d35d2]

==============================================================================

Section Cross References

    main.o(.text) refers to led.o(.text) for LED_Init
    main.o(.text) refers to delay.o(.text) for delay_init
    main.o(.text) refers to usart.o(.text) for My_USART1_Init
    main.o(.text) refers to usart2.o(.text) for My_USART2_Init
    main.o(.text) refers to usart3.o(.text) for My_USART3_Init
    main.o(.text) refers to misc.o(.text) for NVIC_PriorityGroupConfig
    main.o(.text) refers to timer.o(.text) for Encoder_Init
    main.o(.text) refers to pid.o(.text) for pid_init
    main.o(.text) refers to xunji.o(.text) for stop
    main.o(.text) refers to stm32f10x_gpio.o(.text) for GPIO_ReadInputDataBit
    main.o(.text) refers to stm32f10x_tim.o(.text) for TIM_GetITStatus
    main.o(.text) refers to main.o(.bss) for speed_pid_zuo
    main.o(.text) refers to main.o(.data) for dianji_zuo_duqu
    system_stm32f10x.o(.text) refers to system_stm32f10x.o(.data) for SystemCoreClock
    led.o(.text) refers to stm32f10x_rcc.o(.text) for RCC_APB2PeriphClockCmd
    led.o(.text) refers to stm32f10x_gpio.o(.text) for GPIO_Init
    timer.o(.text) refers to stm32f10x_rcc.o(.text) for RCC_APB2PeriphClockCmd
    timer.o(.text) refers to stm32f10x_gpio.o(.text) for GPIO_Init
    timer.o(.text) refers to stm32f10x_tim.o(.text) for TIM_TimeBaseInit
    timer.o(.text) refers to misc.o(.text) for NVIC_Init
    usart2.o(.text) refers to stm32f10x_rcc.o(.text) for RCC_APB2PeriphClockCmd
    usart2.o(.text) refers to stm32f10x_gpio.o(.text) for GPIO_Init
    usart2.o(.text) refers to stm32f10x_usart.o(.text) for USART_Init
    usart2.o(.text) refers to misc.o(.text) for NVIC_Init
    usart2.o(.text) refers to usart2.o(.bss) for rxbuf_usart2
    key.o(.text) refers to stm32f10x_rcc.o(.text) for RCC_APB2PeriphClockCmd
    key.o(.text) refers to stm32f10x_gpio.o(.text) for GPIO_Init
    usart3.o(.text) refers to stm32f10x_rcc.o(.text) for RCC_APB2PeriphClockCmd
    usart3.o(.text) refers to stm32f10x_gpio.o(.text) for GPIO_Init
    usart3.o(.text) refers to stm32f10x_usart.o(.text) for USART_Init
    usart3.o(.text) refers to misc.o(.text) for NVIC_Init
    usart3.o(.text) refers to usart3.o(.data) for start_usart3
    usart3.o(.text) refers to usart3.o(.bss) for rxbuf_usart3
    wheel.o(.text) refers to stm32f10x_gpio.o(.text) for GPIO_SetBits
    wheel.o(.text) refers to dflt_clz.o(x$fpl$dflt) for __aeabi_i2d
    wheel.o(.text) refers to dmul.o(x$fpl$dmul) for __aeabi_dmul
    wheel.o(.text) refers to daddsub_clz.o(x$fpl$dadd) for __aeabi_dadd
    wheel.o(.text) refers to dfixu.o(x$fpl$dfixu) for __aeabi_d2uiz
    wheel.o(.text) refers to stm32f10x_tim.o(.text) for TIM_SetCompare1
    wheel.o(.text) refers to main.o(.data) for dianji_sudu_you
    xunji.o(.text) refers to _printf_percent.o(.ARM.Collect$$_printf_percent$$00000000) for _printf_percent
    xunji.o(.text) refers to _printf_d.o(.ARM.Collect$$_printf_percent$$00000009) for _printf_d
    xunji.o(.text) refers to _printf_dec.o(.text) for _printf_int_dec
    xunji.o(.text) refers to stm32f10x_usart.o(.text) for USART_GetFlagStatus
    xunji.o(.text) refers to wheel.o(.text) for zuo_h
    xunji.o(.text) refers to delay.o(.text) for delay_ms
    xunji.o(.text) refers to stm32f10x_gpio.o(.text) for GPIO_SetBits
    xunji.o(.text) refers to xunji.o(.data) for USART_PRINTF_FLAG
    xunji.o(.text) refers to usart.o(.data) for rxbuf_usart1
    xunji.o(.text) refers to xunji.o(.bss) for zhuanwan
    xunji.o(.text) refers to usart3.o(.bss) for rxbuf_usart3
    xunji.o(.text) refers to noretval__2printf.o(.text) for __2printf
    pid.o(.text) refers to frleqf.o(x$fpl$frleqf) for __aeabi_cfrcmple
    pid.o(.text) refers to fflt_clz.o(x$fpl$fflt) for __aeabi_i2f
    pid.o(.text) refers to fmul.o(x$fpl$fmul) for __aeabi_fmul
    pid.o(.text) refers to faddsub_clz.o(x$fpl$fadd) for __aeabi_fadd
    pid.o(.text) refers to fflt_clz.o(x$fpl$ffltu) for __aeabi_ui2f
    pid.o(.text) refers to ffix.o(x$fpl$ffix) for __aeabi_f2iz
    delay.o(.text) refers to misc.o(.text) for SysTick_CLKSourceConfig
    delay.o(.text) refers to system_stm32f10x.o(.data) for SystemCoreClock
    delay.o(.text) refers to delay.o(.data) for fac_us
    usart.o(.text) refers to stm32f10x_rcc.o(.text) for RCC_APB2PeriphClockCmd
    usart.o(.text) refers to stm32f10x_gpio.o(.text) for GPIO_PinRemapConfig
    usart.o(.text) refers to misc.o(.text) for NVIC_Init
    usart.o(.text) refers to stm32f10x_usart.o(.text) for USART_Init
    usart.o(.text) refers to usart.o(.data) for start_usart1
    startup_stm32f10x_hd.o(STACK) refers (Special) to heapauxi.o(.text) for __use_two_region_memory
    startup_stm32f10x_hd.o(HEAP) refers (Special) to heapauxi.o(.text) for __use_two_region_memory
    startup_stm32f10x_hd.o(RESET) refers (Special) to heapauxi.o(.text) for __use_two_region_memory
[...]
    libinit.o(.ARM.Collect$$libinit$$00000000) refers (Special) to libinit2.o(.ARM.Collect$$libinit$$00000004) for __rt_lib_init_preinit_1
    libinit.o(.ARM.Collect$$libinit$$00000000) refers (Special) to libinit2.o(.ARM.Collect$$libinit$$0000000E) for __rt_lib_init_rand_1
    libinit.o(.ARM.Collect$$libinit$$00000000) refers (Special) to libinit2.o(.ARM.Collect$$libinit$$00000033) for __rt_lib_init_return
    libinit.o(.ARM.Collect$$libinit$$00000000) refers (Special) to libinit2.o(.ARM.Collect$$libinit$$0000001D) for __rt_lib_init_signal_1
    libinit.o(.ARM.Collect$$libinit$$00000000) refers (Special) to libinit2.o(.ARM.Collect$$libinit$$00000025) for __rt_lib_init_stdio_1
    libinit.o(.ARM.Collect$$libinit$$00000000) refers (Special) to libinit2.o(.ARM.Collect$$libinit$$0000000C) for __rt_lib_init_user_alloc_1
    libspace.o(.text) refers to libspace.o(.bss) for __libspace_start
    rtexit.o(.ARM.Collect$$rtexit$$00000000) refers (Special) to rtexit2.o(.ARM.Collect$$rtexit$$00000004) for __rt_exit_exit
    rtexit.o(.ARM.Collect$$rtexit$$00000000) refers (Special) to rtexit2.o(.ARM.Collect$$rtexit$$00000003) for __rt_exit_ls
    rtexit.o(.ARM.Collect$$rtexit$$00000000) refers (Special) to rtexit2.o(.ARM.Collect$$rtexit$$00000002) for __rt_exit_prels_1
    rtexit.o(.ARM.exidx) refers (Special) to rtexit2.o(.ARM.Collect$$rtexit$$00000004) for __rt_exit_exit
    rtexit.o(.ARM.exidx) refers (Special) to rtexit2.o(.ARM.Collect$$rtexit$$00000003) for __rt_exit_ls
    rtexit.o(.ARM.exidx) refers (Special) to rtexit2.o(.ARM.Collect$$rtexit$$00000002) for __rt_exit_prels_1
    rtexit.o(.ARM.exidx) refers to rtexit.o(.ARM.Collect$$rtexit$$00000000) for .ARM.Collect$$rtexit$$00000000
    libinit2.o(.ARM.Collect$$libinit$$00000010) refers to libinit2.o(.ARM.Collect$$libinit$$0000000F) for .ARM.Collect$$libinit$$0000000F
    libinit2.o(.ARM.Collect$$libinit$$00000012) refers to libinit2.o(.ARM.Collect$$libinit$$0000000F) for .ARM.Collect$$libinit$$0000000F
    libinit2.o(.ARM.Collect$$libinit$$00000014) refers to libinit2.o(.ARM.Collect$$libinit$$0000000F) for .ARM.Collect$$libinit$$0000000F
    libinit2.o(.ARM.Collect$$libinit$$00000016) refers to libinit2.o(.ARM.Collect$$libinit$$0000000F) for .ARM.Collect$$libinit$$0000000F
    libinit2.o(.ARM.Collect$$libinit$$00000018) refers to libinit2.o(.ARM.Collect$$libinit$$0000000F) for .ARM.Collect$$libinit$$0000000F
    libinit2.o(.ARM.Collect$$libinit$$00000026) refers to argv_veneer.o(.emb_text) for __ARM_argv_veneer
    libinit2.o(.ARM.Collect$$libinit$$00000027) refers to argv_veneer.o(.emb_text) for __ARM_argv_veneer
    rtexit2.o(.ARM.Collect$$rtexit$$00000003) refers to libshutdown.o(.ARM.Collect$$libshutdown$$00000000) for __rt_lib_shutdown
    rtexit2.o(.ARM.Collect$$rtexit$$00000004) refers to xunji.o(.text) for _sys_exit
    rtexit2.o(.ARM.exidx) refers to rtexit2.o(.ARM.Collect$$rtexit$$00000001) for .ARM.Collect$$rtexit$$00000001
    rtexit2.o(.ARM.exidx) refers to rtexit2.o(.ARM.Collect$$rtexit$$00000003) for .ARM.Collect$$rtexit$$00000003
    rtexit2.o(.ARM.exidx) refers to rtexit2.o(.ARM.Collect$$rtexit$$00000004) for .ARM.Collect$$rtexit$$00000004
    argv_veneer.o(.emb_text) refers to no_argv.o(.text) for __ARM_get_argv
    _get_argv_nomalloc.o(.text) refers (Special) to hrguard.o(.text) for __heap_region$guard
    _get_argv_nomalloc.o(.text) refers to defsig_rtmem_outer.o(.text) for __rt_SIGRTMEM
    _get_argv_nomalloc.o(.text) refers to sys_command.o(.text) for _sys_command_string
    libshutdown.o(.ARM.Collect$$libshutdown$$00000000) refers (Special) to libshutdown2.o(.ARM.Collect$$libshutdown$$00000002) for __rt_lib_shutdown_cpp_1
    libshutdown.o(.ARM.Collect$$libshutdown$$00000000) refers (Special) to libshutdown2.o(.ARM.Collect$$libshutdown$$00000007) for __rt_lib_shutdown_fp_trap_1
    libshutdown.o(.ARM.Collect$$libshutdown$$00000000) refers (Special) to libshutdown2.o(.ARM.Collect$$libshutdown$$0000000F) for __rt_lib_shutdown_heap_1
    libshutdown.o(.ARM.Collect$$libshutdown$$00000000) refers (Special) to libshutdown2.o(.ARM.Collect$$libshutdown$$00000010) for __rt_lib_shutdown_return
    libshutdown.o(.ARM.Collect$$libshutdown$$00000000) refers (Special) to libshutdown2.o(.ARM.Collect$$libshutdown$$0000000A) for __rt_lib_shutdown_signal_1
    libshutdown.o(.ARM.Collect$$libshutdown$$00000000) refers (Special) to libshutdown2.o(.ARM.Collect$$libshutdown$$00000004) for __rt_lib_shutdown_stdio_1
    libshutdown.o(.ARM.Collect$$libshutdown$$00000000) refers (Special) to libshutdown2.o(.ARM.Collect$$libshutdown$$0000000C) for __rt_lib_shutdown_user_alloc_1
    sys_command.o(.text) refers (Special) to use_no_semi.o(.text) for __I$use$semihosting
    sys_command.o(.text) refers (Special) to indicate_semi.o(.text) for __semihosting_library_function
    defsig_rtmem_outer.o(.text) refers to defsig_rtmem_inner.o(.text) for __rt_SIGRTMEM_inner
    defsig_rtmem_outer.o(.text) refers to defsig_exit.o(.text) for __sig_exit
    defsig_rtmem_formal.o(.text) refers to rt_raise.o(.text) for __rt_raise
    rt_raise.o(.text) refers to __raise.o(.text) for __raise
    rt_raise.o(.text) refers to xunji.o(.text) for _sys_exit
    defsig_exit.o(.text) refers to xunji.o(.text) for _sys_exit
    defsig_rtmem_inner.o(.text) refers to defsig_general.o(.text) for __default_signal_display
    __raise.o(.text) refers to defsig.o(CL$$defsig) for __default_signal_handler
    defsig_general.o(.text) refers to sys_wrch.o(.text) for _ttywrch
    sys_wrch.o(.text) refers (Special) to use_no_semi.o(.text) for __I$use$semihosting
    sys_wrch.o(.text) refers (Special) to indicate_semi.o(.text) for __semihosting_library_function
    defsig.o(CL$$defsig) refers to defsig_rtmem_inner.o(.text) for __rt_SIGRTMEM_inner
    defsig_abrt_inner.o(.text) refers to defsig_general.o(.text) for __default_signal_display
    defsig_fpe_inner.o(.text) refers to defsig_general.o(.text) for __default_signal_display
    defsig_rtred_inner.o(.text) refers to defsig_general.o(.text) for __default_signal_display
    defsig_stak_inner.o(.text) refers to defsig_general.o(.text) for __default_signal_display
    defsig_pvfn_inner.o(.text) refers to defsig_general.o(.text) for __default_signal_display
    defsig_cppl_inner.o(.text) refers to defsig_general.o(.text) for __default_signal_display
    defsig_segv_inner.o(.text) refers to defsig_general.o(.text) for __default_signal_display
    defsig_other.o(.text) refers to defsig_general.o(.text) for __default_signal_display


==============================================================================

Removing Unused input sections from the image.

    Removing key.o(.text), (40 bytes).
    Removing sys.o(.emb_text), (6 bytes).
    Removing sys.o(.text), (12 bytes).
    Removing core_cm3.o(.emb_text), (32 bytes).

4 unused section(s) (total 90 bytes) removed from the image.

==============================================================================

Image Symbol Table

    Local Symbols

    Symbol Name                              Value     Ov Type        Size  Object(Section)

    ../clib/angel/boardlib.s                 0x00000000   Number         0  boardinit3.o ABSOLUTE
    ../clib/angel/boardlib.s                 0x00000000   Number         0  boardinit2.o ABSOLUTE
    ../clib/angel/boardlib.s                 0x00000000   Number         0  boardinit1.o ABSOLUTE
    ../clib/angel/boardlib.s                 0x00000000   Number         0  boardshut.o ABSOLUTE
    ../clib/angel/handlers.s                 0x00000000   Number         0  __scatter_copy.o ABSOLUTE
    ../clib/angel/handlers.s                 0x00000000   Number         0  __scatter_zi.o ABSOLUTE
    ../clib/angel/kernel.s                   0x00000000   Number         0  rtexit.o ABSOLUTE
    ../clib/angel/kernel.s                   0x00000000   Number         0  rtexit2.o ABSOLUTE
    ../clib/angel/kernel.s                   0x00000000   Number         0  __rtentry.o ABSOLUTE
    ../clib/angel/kernel.s                   0x00000000   Number         0  __rtentry4.o ABSOLUTE
    ../clib/angel/kernel.s                   0x00000000   Number         0  __rtentry2.o ABSOLUTE
    ../clib/angel/rt.s                       0x00000000   Number         0  rt_raise.o ABSOLUTE
    ../clib/angel/scatter.s                  0x00000000   Number         0  __scatter.o ABSOLUTE
    ../clib/angel/startup.s                  0x00000000   Number         0  __main.o ABSOLUTE
    ../clib/angel/sys.s                      0x00000000   Number         0  sys_stackheap_outer.o ABSOLUTE
    ../clib/angel/sys.s                      0x00000000   Number         0  indicate_semi.o ABSOLUTE
    ../clib/angel/sys.s                      0x00000000   Number         0  use_no_semi.o ABSOLUTE
    ../clib/angel/sys.s                      0x00000000   Number         0  libspace.o ABSOLUTE
    ../clib/angel/sysapp.c                   0x00000000   Number         0  sys_command.o ABSOLUTE
    ../clib/angel/sysapp.c                   0x00000000   Number         0  sys_wrch.o ABSOLUTE
    ../clib/armsys.c                         0x00000000   Number         0  argv_veneer.o ABSOLUTE
    ../clib/armsys.c                         0x00000000   Number         0  argv_veneer.o ABSOLUTE
    ../clib/armsys.c                         0x00000000   Number         0  _get_argv_nomalloc.o ABSOLUTE
    ../clib/armsys.c                         0x00000000   Number         0  no_argv.o ABSOLUTE
    ../clib/heapalloc.c                      0x00000000   Number         0  hrguard.o ABSOLUTE
    ../clib/heapaux.c                        0x00000000   Number         0  heapauxi.o ABSOLUTE
    ../clib/libinit.s                        0x00000000   Number         0  libshutdown2.o ABSOLUTE
    ../clib/libinit.s                        0x00000000   Number         0  libshutdown.o ABSOLUTE
    ../clib/libinit.s                        0x00000000   Number         0  libinit.o ABSOLUTE
    ../clib/libinit.s                        0x00000000   Number         0  libinit2.o ABSOLUTE
    ../clib/printf.c                         0x00000000   Number         0  _printf_char_common.o ABSOLUTE
    ../clib/printf.c                         0x00000000   Number         0  __printf_wp.o ABSOLUTE
    ../clib/printf.c                         0x00000000   Number         0  __printf_flags_ss_wp.o ABSOLUTE
    ../clib/printf.c                         0x00000000   Number         0  __printf_ss_wp.o ABSOLUTE
    ../clib/printf.c                         0x00000000   Number         0  __printf_flags_wp.o ABSOLUTE
    ../clib/printf.c                         0x00000000   Number         0  __printf_flags_ss.o ABSOLUTE
    ../clib/printf.c                         0x00000000   Number         0  __printf_ss.o ABSOLUTE
    ../clib/printf.c                         0x00000000   Number         0  __printf_nopercent.o ABSOLUTE
    ../clib/printf.c                         0x00000000   Number         0  _printf_dec.o ABSOLUTE
    ../clib/printf.c                         0x00000000   Number         0  __printf.o ABSOLUTE
    ../clib/printf.c                         0x00000000   Number         0  __2printf.o ABSOLUTE
    ../clib/printf.c                         0x00000000   Number         0  __printf_flags.o ABSOLUTE
    ../clib/printf.c                         0x00000000   Number         0  _printf_intcommon.o ABSOLUTE
    ../clib/printf.c                         0x00000000   Number         0  _printf_char_file.o ABSOLUTE
    ../clib/printf.c                         0x00000000   Number         0  noretval__2printf.o ABSOLUTE
    ../clib/printf_percent.s                 0x00000000   Number         0  _printf_percent_end.o ABSOLUTE
    ../clib/printf_percent.s                 0x00000000   Number         0  _printf_percent.o ABSOLUTE
    ../clib/printf_percent.s                 0x00000000   Number         0  _printf_d.o ABSOLUTE
    ../clib/signal.c                         0x00000000   Number         0  defsig_abrt_inner.o ABSOLUTE
    ../clib/signal.c                         0x00000000   Number         0  defsig_other.o ABSOLUTE
    ../clib/signal.c                         0x00000000   Number         0  defsig_rtred_inner.o ABSOLUTE
    ../clib/signal.c                         0x00000000   Number         0  defsig_exit.o ABSOLUTE
    ../clib/signal.c                         0x00000000   Number         0  defsig_rtmem_inner.o ABSOLUTE
    ../clib/signal.c                         0x00000000   Number         0  __raise.o ABSOLUTE
    ../clib/signal.c                         0x00000000   Number         0  defsig_general.o ABSOLUTE
    ../clib/signal.c                         0x00000000   Number         0  defsig_stak_inner.o ABSOLUTE
    ../clib/signal.c                         0x00000000   Number         0  defsig_fpe_inner.o ABSOLUTE
    ../clib/signal.c                         0x00000000   Number         0  defsig_segv_inner.o ABSOLUTE
    ../clib/signal.c                         0x00000000   Number         0  defsig_pvfn_inner.o ABSOLUTE
    ../clib/signal.c                         0x00000000   Number         0  defsig_cppl_inner.o ABSOLUTE
    ../clib/signal.c                         0x00000000   Number         0  defsig_rtmem_outer.o ABSOLUTE
    ../clib/signal.c                         0x00000000   Number         0  defsig_rtmem_formal.o ABSOLUTE
    ../clib/signal.s                         0x00000000   Number         0  defsig.o ABSOLUTE
    ../clib/stdio.c                          0x00000000   Number         0  ferror.o ABSOLUTE
    ../clib/stdio.c                          0x00000000   Number         0  ferror_locked.o ABSOLUTE
    ../clib/stdlib.c                         0x00000000   Number         0  exit.o ABSOLUTE
    ../fplib/daddsub.s                       0x00000000   Number         0  daddsub_clz.o ABSOLUTE
    ../fplib/dfixu.s                         0x00000000   Number         0  dfixu.o ABSOLUTE
    ../fplib/dflt.s                          0x00000000   Number         0  dflt_clz.o ABSOLUTE
    ../fplib/dmul.s                          0x00000000   Number         0  dmul.o ABSOLUTE
    ../fplib/dnaninf.s                       0x00000000   Number         0  dnaninf.o ABSOLUTE
    ../fplib/dretinf.s                       0x00000000   Number         0  dretinf.o ABSOLUTE
    ../fplib/faddsub.s                       0x00000000   Number         0  faddsub_clz.o ABSOLUTE
    ../fplib/fcmpi.s                         0x00000000   Number         0  fcmpi.o ABSOLUTE
    ../fplib/ffix.s                          0x00000000   Number         0  ffix.o ABSOLUTE
    ../fplib/fflt.s                          0x00000000   Number         0  fflt_clz.o ABSOLUTE
    ../fplib/fleqf.s                         0x00000000   Number         0  fleqf.o ABSOLUTE
    ../fplib/fmul.s                          0x00000000   Number         0  fmul.o ABSOLUTE
    ../fplib/fnaninf.s                       0x00000000   Number         0  fnaninf.o ABSOLUTE
    ../fplib/fpinit.s                        0x00000000   Number         0  fpinit.o ABSOLUTE
    ../fplib/fretinf.s                       0x00000000   Number         0  fretinf.o ABSOLUTE
    ../fplib/frleqf.s                        0x00000000   Number         0  frleqf.o ABSOLUTE
    ../fplib/usenofp.s                       0x00000000   Number         0  usenofp.o ABSOLUTE
    ..\CORE\core_cm3.c                       0x00000000   Number         0  core_cm3.o ABSOLUTE
    ..\CORE\startup_stm32f10x_hd.s           0x00000000   Number         0  startup_stm32f10x_hd.o ABSOLUTE
    ..\HARDWARE\KEY\key.c                    0x00000000   Number         0  key.o ABSOLUTE
    ..\HARDWARE\LED\led.c                    0x00000000   Number         0  led.o ABSOLUTE
    ..\HARDWARE\PID\pid.c                    0x00000000   Number         0  pid.o ABSOLUTE
    ..\HARDWARE\TIMER\timer.c                0x00000000   Number         0  timer.o ABSOLUTE
    ..\HARDWARE\USART2\usart2.c              0x00000000   Number         0  usart2.o ABSOLUTE
    ..\HARDWARE\USART3\usart3.c              0x00000000   Number         0  usart3.o ABSOLUTE
    ..\HARDWARE\WHEEL\wheel.c                0x00000000   Number         0  wheel.o ABSOLUTE
    ..\HARDWARE\XUNJI\xunji.c                0x00000000   Number         0  xunji.o ABSOLUTE
    ..\STM32F10x_FWLib\src\misc.c            0x00000000   Number         0  misc.o ABSOLUTE
    ..\STM32F10x_FWLib\src\stm32f10x_gpio.c  0x00000000   Number         0  stm32f10x_gpio.o ABSOLUTE
    ..\STM32F10x_FWLib\src\stm32f10x_rcc.c   0x00000000   Number         0  stm32f10x_rcc.o ABSOLUTE
    ..\STM32F10x_FWLib\src\stm32f10x_tim.c   0x00000000   Number         0  stm32f10x_tim.o ABSOLUTE
    ..\STM32F10x_FWLib\src\stm32f10x_usart.c 0x00000000   Number         0  stm32f10x_usart.o ABSOLUTE
    ..\SYSTEM\delay\delay.c                  0x00000000   Number         0  delay.o ABSOLUTE
    ..\SYSTEM\sys\sys.c                      0x00000000   Number         0  sys.o ABSOLUTE
    ..\SYSTEM\usart\usart.c                  0x00000000   Number         0  usart.o ABSOLUTE
    ..\\CORE\\core_cm3.c                     0x00000000   Number         0  core_cm3.o ABSOLUTE
    ..\\SYSTEM\\sys\\sys.c                   0x00000000   Number         0  sys.o ABSOLUTE
    dc.s                                     0x00000000   Number         0  dc.o ABSOLUTE
    main.c                                   0x00000000   Number         0  main.o ABSOLUTE
    stm32f10x_it.c                           0x00000000   Number         0  stm32f10x_it.o ABSOLUTE
    system_stm32f10x.c                       0x00000000   Number         0  system_stm32f10x.o ABSOLUTE
    RESET                                    0x08000000   Section      304  startup_stm32f10x_hd.o(RESET)
    !!!main                                  0x08000130   Section        8  __main.o(!!!main)
    !!!scatter                               0x08000138   Section       52  __scatter.o(!!!scatter)
    !!handler_copy                           0x0800016c   Section       26  __scatter_copy.o(!!handler_copy)
    !!handler_zi                             0x08000188   Section       28  __scatter_zi.o(!!handler_zi)
    .ARM.Collect$$_printf_percent$$00000000  0x080001a4   Section        0  _printf_percent.o(.ARM.Collect$$_printf_percent$$00000000)
    .ARM.Collect$$_printf_percent$$00000009  0x080001a4   Section        6  _printf_d.o(.ARM.Collect$$_printf_percent$$00000009)
    .ARM.Collect$$_printf_percent$$00000017  0x080001aa   Section        4  _printf_percent_end.o(.ARM.Collect$$_printf_percent$$00000017)
    .ARM.Collect$$libinit$$00000000          0x080001ae   Section        2  libinit.o(.ARM.Collect$$libinit$$00000000)
    .ARM.Collect$$libinit$$00000002          0x080001b0   Section        0  libinit2.o(.ARM.Collect$$libinit$$00000002)
    .ARM.Collect$$libinit$$00000004          0x080001b0   Section        0  libinit2.o(.ARM.Collect$$libinit$$00000004)
    .ARM.Collect$$libinit$$0000000A          0x080001b0   Section        0  libinit2.o(.ARM.Collect$$libinit$$0000000A)
    .ARM.Collect$$libinit$$0000000C          0x080001b0   Section        0  libinit2.o(.ARM.Collect$$libinit$$0000000C)
    .ARM.Collect$$libinit$$0000000E          0x080001b0   Section        0  libinit2.o(.ARM.Collect$$libinit$$0000000E)
    .ARM.Collect$$libinit$$00000011          0x080001b0   Section        0  libinit2.o(.ARM.Collect$$libinit$$00000011)
    .ARM.Collect$$libinit$$00000013          0x080001b0   Section        0  libinit2.o(.ARM.Collect$$libinit$$00000013)
    .ARM.Collect$$libinit$$00000015          0x080001b0   Section        0  libinit2.o(.ARM.Collect$$libinit$$00000015)
    .ARM.Collect$$libinit$$00000017          0x080001b0   Section        0  libinit2.o(.ARM.Collect$$libinit$$00000017)
    .ARM.Collect$$libinit$$00000019          0x080001b0   Section        0  libinit2.o(.ARM.Collect$$libinit$$00000019)
    .ARM.Collect$$libinit$$0000001B          0x080001b0   Section        0  libinit2.o(.ARM.Collect$$libinit$$0000001B)
    .ARM.Collect$$libinit$$0000001D          0x080001b0   Section        0  libinit2.o(.ARM.Collect$$libinit$$0000001D)
    .ARM.Collect$$libinit$$0000001F          0x080001b0   Section        0  libinit2.o(.ARM.Collect$$libinit$$0000001F)
    .ARM.Collect$$libinit$$00000021          0x080001b0   Section        0  libinit2.o(.ARM.Collect$$libinit$$00000021)
    .ARM.Collect$$libinit$$00000023          0x080001b0   Section        0  libinit2.o(.ARM.Collect$$libinit$$00000023)
    .ARM.Collect$$libinit$$00000025          0x080001b0   Section        0  libinit2.o(.ARM.Collect$$libinit$$00000025)
    .ARM.Collect$$libinit$$0000002C          0x080001b0   Section        0  libinit2.o(.ARM.Collect$$libinit$$0000002C)
    .ARM.Collect$$libinit$$0000002E          0x080001b0   Section        0  libinit2.o(.ARM.Collect$$libinit$$0000002E)
    .ARM.Collect$$libinit$$00000030          0x080001b0   Section        0  libinit2.o(.ARM.Collect$$libinit$$00000030)
    .ARM.Collect$$libinit$$00000032          0x080001b0   Section        0  libinit2.o(.ARM.Collect$$libinit$$00000032)
    .ARM.Collect$$libinit$$00000033          0x080001b0   Section        2  libinit2.o(.ARM.Collect$$libinit$$00000033)
    .ARM.Collect$$libshutdown$$00000000      0x080001b2   Section        2  libshutdown.o(.ARM.Collect$$libshutdown$$00000000)
    .ARM.Collect$$libshutdown$$00000002      0x080001b4   Section        0  libshutdown2.o(.ARM.Collect$$libshutdown$$00000002)
    .ARM.Collect$$libshutdown$$00000004      0x080001b4   Section        0  libshutdown2.o(.ARM.Collect$$libshutdown$$00000004)
    .ARM.Collect$$libshutdown$$00000007      0x080001b4   Section        0  libshutdown2.o(.ARM.Collect$$libshutdown$$00000007)
    .ARM.Collect$$libshutdown$$0000000A      0x080001b4   Section        0  libshutdown2.o(.ARM.Collect$$libshutdown$$0000000A)
    .ARM.Collect$$libshutdown$$0000000C      0x080001b4   Section        0  libshutdown2.o(.ARM.Collect$$libshutdown$$0000000C)
    .ARM.Collect$$libshutdown$$0000000F      0x080001b4   Section        0  libshutdown2.o(.ARM.Collect$$libshutdown$$0000000F)
    .ARM.Collect$$libshutdown$$00000010      0x080001b4   Section        2  libshutdown2.o(.ARM.Collect$$libshutdown$$00000010)
    .ARM.Collect$$rtentry$$00000000          0x080001b6   Section        0  __rtentry.o(.ARM.Collect$$rtentry$$00000000)
    .ARM.Collect$$rtentry$$00000002          0x080001b6   Section        0  __rtentry2.o(.ARM.Collect$$rtentry$$00000002)
    .ARM.Collect$$rtentry$$00000004          0x080001b6   Section        6  __rtentry4.o(.ARM.Collect$$rtentry$$00000004)
    .ARM.Collect$$rtentry$$00000009          0x080001bc   Section        0  __rtentry2.o(.ARM.Collect$$rtentry$$00000009)
    .ARM.Collect$$rtentry$$0000000A          0x080001bc   Section        4  __rtentry2.o(.ARM.Collect$$rtentry$$0000000A)
    .ARM.Collect$$rtentry$$0000000C          0x080001c0   Section        0  __rtentry2.o(.ARM.Collect$$rtentry$$0000000C)
    .ARM.Collect$$rtentry$$0000000D          0x080001c0   Section        8  __rtentry2.o(.ARM.Collect$$rtentry$$0000000D)
    .ARM.Collect$$rtexit$$00000000           0x080001c8   Section        2  rtexit.o(.ARM.Collect$$rtexit$$00000000)
    .ARM.Collect$$rtexit$$00000002           0x080001ca   Section        0  rtexit2.o(.ARM.Collect$$rtexit$$00000002)
    .ARM.Collect$$rtexit$$00000003           0x080001ca   Section        4  rtexit2.o(.ARM.Collect$$rtexit$$00000003)
    .ARM.Collect$$rtexit$$00000004           0x080001ce   Section        6  rtexit2.o(.ARM.Collect$$rtexit$$00000004)
    .text                                    0x080001d4   Section        0  main.o(.text)
    .text                                    0x08000334   Section        0  stm32f10x_it.o(.text)
    .text                                    0x08000350   Section        0  system_stm32f10x.o(.text)
    SetSysClockTo72                          0x08000351   Thumb Code   214  system_stm32f10x.o(.text)
    SetSysClock                              0x08000427   Thumb Code     8  system_stm32f10x.o(.text)
    .text                                    0x08000530   Section        0  led.o(.text)
    .text                                    0x0800055c   Section        0  timer.o(.text)
    .text                                    0x080007f4   Section        0  usart2.o(.text)
    .text                                    0x080008e4   Section        0  usart3.o(.text)
    .text                                    0x080009fc   Section        0  wheel.o(.text)
    .text                                    0x08000b90   Section        0  xunji.o(.text)
    .text                                    0x080015f4   Section        0  pid.o(.text)
    abs_limit                                0x08001607   Thumb Code    40  pid.o(.text)
    .text                                    0x080016a8   Section        0  delay.o(.text)
    .text                                    0x0800177c   Section        0  usart.o(.text)
    .text                                    0x0800189c   Section       64  startup_stm32f10x_hd.o(.text)
    .text                                    0x080018dc   Section        0  misc.o(.text)
    .text                                    0x080019b8   Section        0  stm32f10x_gpio.o(.text)
    .text                                    0x08001d14   Section        0  stm32f10x_rcc.o(.text)
    .text                                    0x080020b8   Section        0  stm32f10x_tim.o(.text)
    TI4_Config                               0x0800255f   Thumb Code   130  stm32f10x_tim.o(.text)
    TI3_Config                               0x080025f3   Thumb Code   122  stm32f10x_tim.o(.text)
    TI2_Config                               0x08002687   Thumb Code   130  stm32f10x_tim.o(.text)
    TI1_Config                               0x0800271b   Thumb Code   108  stm32f10x_tim.o(.text)
    .text                                    0x08002ed4   Section        0  stm32f10x_usart.o(.text)
    .text                                    0x080032dc   Section        0  noretval__2printf.o(.text)
    .text                                    0x080032f4   Section        0  __printf.o(.text)
    .text                                    0x0800335c   Section        0  _printf_dec.o(.text)
    .text                                    0x080033d4   Section        0  heapauxi.o(.text)
    .text                                    0x080033da   Section        0  _printf_intcommon.o(.text)
    .text                                    0x0800348c   Section        0  _printf_char_file.o(.text)
    .text                                    0x080034b0   Section        0  _printf_char_common.o(.text)
    _printf_input_char                       0x080034b1   Thumb Code    10  _printf_char_common.o(.text)
    .text                                    0x080034e0   Section        0  ferror.o(.text)
    .text                                    0x080034e8   Section       74  sys_stackheap_outer.o(.text)
    .text                                    0x08003532   Section        0  exit.o(.text)
    .text                                    0x08003544   Section        8  libspace.o(.text)
    x$fpl$dadd                               0x0800354c   Section      336  daddsub_clz.o(x$fpl$dadd)
    _dadd1                                   0x0800355d   Thumb Code     0  daddsub_clz.o(x$fpl$dadd)
    x$fpl$dfixu                              0x0800369c   Section       90  dfixu.o(x$fpl$dfixu)
    x$fpl$dflt                               0x080036f6   Section       46  dflt_clz.o(x$fpl$dflt)
    x$fpl$dmul                               0x08003724   Section      340  dmul.o(x$fpl$dmul)
    x$fpl$dnaninf                            0x08003878   Section      156  dnaninf.o(x$fpl$dnaninf)
    x$fpl$dretinf                            0x08003914   Section       12  dretinf.o(x$fpl$dretinf)
    x$fpl$dsub                               0x08003920   Section      468  daddsub_clz.o(x$fpl$dsub)
    _dsub1                                   0x08003931   Thumb Code     0  daddsub_clz.o(x$fpl$dsub)
    x$fpl$fadd                               0x08003af4   Section      196  faddsub_clz.o(x$fpl$fadd)
    _fadd1                                   0x08003b03   Thumb Code     0  faddsub_clz.o(x$fpl$fadd)
    x$fpl$fcmpinf                            0x08003bb8   Section       24  fcmpi.o(x$fpl$fcmpinf)
    x$fpl$ffix                               0x08003bd0   Section       54  ffix.o(x$fpl$ffix)
    x$fpl$fflt                               0x08003c08   Section       48  fflt_clz.o(x$fpl$fflt)
    x$fpl$ffltu                              0x08003c38   Section       38  fflt_clz.o(x$fpl$ffltu)
    x$fpl$fleqf                              0x08003c60   Section      104  fleqf.o(x$fpl$fleqf)
    x$fpl$fmul                               0x08003cc8   Section      258  fmul.o(x$fpl$fmul)
    x$fpl$fnaninf                            0x08003dca   Section      140  fnaninf.o(x$fpl$fnaninf)
    x$fpl$fretinf                            0x08003e56   Section       10  fretinf.o(x$fpl$fretinf)
    x$fpl$frleqf                             0x08003e60   Section       98  frleqf.o(x$fpl$frleqf)
    x$fpl$fsub                               0x08003ec4   Section      234  faddsub_clz.o(x$fpl$fsub)
    _fsub1                                   0x08003ed3   Thumb Code     0  faddsub_clz.o(x$fpl$fsub)
    x$fpl$usenofp                            0x08003fae   Section        0  usenofp.o(x$fpl$usenofp)
    .data                                    0x20000000   Section       24  main.o(.data)
    .data                                    0x20000018   Section       20  system_stm32f10x.o(.data)
    .data                                    0x2000002c   Section        3  usart3.o(.data)
    .data                                    0x20000030   Section       28  xunji.o(.data)
    .data                                    0x2000004c   Section        4  delay.o(.data)
    fac_us                                   0x2000004c   Data           1  delay.o(.data)
    fac_ms                                   0x2000004e   Data           2  delay.o(.data)
    .data                                    0x20000050   Section       13  usart.o(.data)
    .data                                    0x2000005d   Section       20  stm32f10x_rcc.o(.data)
    APBAHBPrescTable                         0x2000005d   Data          16  stm32f10x_rcc.o(.data)
    ADCPrescTable                            0x2000006d   Data           4  stm32f10x_rcc.o(.data)
    .bss                                     0x20000074   Section       96  main.o(.bss)
    .bss                                     0x200000d4   Section       10  usart2.o(.bss)
    .bss                                     0x200000de   Section       10  usart3.o(.bss)
    .bss                                     0x200000e8   Section       16  xunji.o(.bss)
    .bss                                     0x200000f8   Section       96  libspace.o(.bss)
    HEAP                                     0x20000158   Section      512  startup_stm32f10x_hd.o(HEAP)
    Heap_Mem                                 0x20000158   Data         512  startup_stm32f10x_hd.o(HEAP)
    STACK                                    0x20000358   Section     1024  startup_stm32f10x_hd.o(STACK)
    Stack_Mem                                0x20000358   Data        1024  startup_stm32f10x_hd.o(STACK)
    __initial_sp                             0x20000758   Data           0  startup_stm32f10x_hd.o(STACK)

    Global Symbols

    Symbol Name                              Value     Ov Type        Size  Object(Section)

    BuildAttributes$$THM_ISAv4$P$D$K$B$S$PE$A:L22UL41UL21$X:L11$S22US41US21$IEEE1$IW$USESV6$~STKCKD$USESV7$~SHL$OSPACE$ROPI$EBA8$UX$STANDARDLIB$REQ8$PRES8$EABIv2 0x00000000   Number         0  anon$$obj.o ABSOLUTE
    __ARM_use_no_argv                        0x00000000   Number         0  main.o ABSOLUTE
    __ARM_exceptions_init                     - Undefined Weak Reference
    __alloca_initialize                       - Undefined Weak Reference
    __arm_preinit_                            - Undefined Weak Reference
    __cpp_initialize__aeabi_                  - Undefined Weak Reference
    __cxa_finalize                            - Undefined Weak Reference
    __rt_locale                               - Undefined Weak Reference
    __sigvec_lookup                           - Undefined Weak Reference
    _atexit_init                              - Undefined Weak Reference
    _call_atexit_fns                          - Undefined Weak Reference
    _clock_init                               - Undefined Weak Reference
    _fp_trap_init                             - Undefined Weak Reference
    _fp_trap_shutdown                         - Undefined Weak Reference
    _get_lc_collate                           - Undefined Weak Reference
    _get_lc_ctype                             - Undefined Weak Reference
    _get_lc_monetary                          - Undefined Weak Reference
    _get_lc_numeric                           - Undefined Weak Reference
    _get_lc_time                              - Undefined Weak Reference
    _getenv_init                              - Undefined Weak Reference
    _handle_redirection                       - Undefined Weak Reference
    _init_alloc                               - Undefined Weak Reference
    _init_user_alloc                          - Undefined Weak Reference
    _initio                                   - Undefined Weak Reference
    _mutex_acquire                            - Undefined Weak Reference
    _mutex_release                            - Undefined Weak Reference
    _printf_post_padding                      - Undefined Weak Reference
    _printf_pre_padding                       - Undefined Weak Reference
    _printf_truncate_signed                   - Undefined Weak Reference
    _printf_truncate_unsigned                 - Undefined Weak Reference
    _rand_init                                - Undefined Weak Reference
    _signal_finish                            - Undefined Weak Reference
    _signal_init                              - Undefined Weak Reference
    _terminate_alloc                          - Undefined Weak Reference
    _terminate_user_alloc                     - Undefined Weak Reference
    _terminateio                              - Undefined Weak Reference
    __Vectors_Size                           0x00000130   Number         0  startup_stm32f10x_hd.o ABSOLUTE
    __Vectors                                0x08000000   Data           4  startup_stm32f10x_hd.o(RESET)
    __Vectors_End                            0x08000130   Data           0  startup_stm32f10x_hd.o(RESET)
    __main                                   0x08000131   Thumb Code     8  __main.o(!!!main)
    __scatterload                            0x08000139   Thumb Code     0  __scatter.o(!!!scatter)
    __scatterload_rt2                        0x08000139   Thumb Code    44  __scatter.o(!!!scatter)
    __scatterload_rt2_thumb_only             0x08000139   Thumb Code     0  __scatter.o(!!!scatter)
    __scatterload_null                       0x08000147   Thumb Code     0  __scatter.o(!!!scatter)
    __scatterload_copy                       0x0800016d   Thumb Code    26  __scatter_copy.o(!!handler_copy)
    __scatterload_zeroinit                   0x08000189   Thumb Code    28  __scatter_zi.o(!!handler_zi)
    _printf_d                                0x080001a5   Thumb Code     0  _printf_d.o(.ARM.Collect$$_printf_percent$$00000009)
    _printf_percent                          0x080001a5   Thumb Code     0  _printf_percent.o(.ARM.Collect$$_printf_percent$$00000000)
    _printf_percent_end                      0x080001ab   Thumb Code     0  _printf_percent_end.o(.ARM.Collect$$_printf_percent$$00000017)
    __rt_lib_init                            0x080001af   Thumb Code     0  libinit.o(.ARM.Collect$$libinit$$00000000)
    __rt_lib_init_alloca_1                   0x080001b1   Thumb Code     0  libinit2.o(.ARM.Collect$$libinit$$0000002E)
    __rt_lib_init_argv_1                     0x080001b1   Thumb Code     0  libinit2.o(.ARM.Collect$$libinit$$0000002C)
    __rt_lib_init_atexit_1                   0x080001b1   Thumb Code     0  libinit2.o(.ARM.Collect$$libinit$$0000001B)
    __rt_lib_init_clock_1                    0x080001b1   Thumb Code     0  libinit2.o(.ARM.Collect$$libinit$$00000021)
    __rt_lib_init_cpp_1                      0x080001b1   Thumb Code     0  libinit2.o(.ARM.Collect$$libinit$$00000032)
    __rt_lib_init_exceptions_1               0x080001b1   Thumb Code     0  libinit2.o(.ARM.Collect$$libinit$$00000030)
    __rt_lib_init_fp_1                       0x080001b1   Thumb Code     0  libinit2.o(.ARM.Collect$$libinit$$00000002)
    __rt_lib_init_fp_trap_1                  0x080001b1   Thumb Code     0  libinit2.o(.ARM.Collect$$libinit$$0000001F)
    __rt_lib_init_getenv_1                   0x080001b1   Thumb Code     0  libinit2.o(.ARM.Collect$$libinit$$00000023)
    __rt_lib_init_heap_1                     0x080001b1   Thumb Code     0  libinit2.o(.ARM.Collect$$libinit$$0000000A)
    __rt_lib_init_lc_collate_1               0x080001b1   Thumb Code     0  libinit2.o(.ARM.Collect$$libinit$$00000011)
    __rt_lib_init_lc_ctype_1                 0x080001b1   Thumb Code     0  libinit2.o(.ARM.Collect$$libinit$$00000013)
    __rt_lib_init_lc_monetary_1              0x080001b1   Thumb Code     0  libinit2.o(.ARM.Collect$$libinit$$00000015)
    __rt_lib_init_lc_numeric_1               0x080001b1   Thumb Code     0  libinit2.o(.ARM.Collect$$libinit$$00000017)
    __rt_lib_init_lc_time_1                  0x080001b1   Thumb Code     0  libinit2.o(.ARM.Collect$$libinit$$00000019)
    __rt_lib_init_preinit_1                  0x080001b1   Thumb Code     0  libinit2.o(.ARM.Collect$$libinit$$00000004)
    __rt_lib_init_rand_1                     0x080001b1   Thumb Code     0  libinit2.o(.ARM.Collect$$libinit$$0000000E)
    __rt_lib_init_return                     0x080001b1   Thumb Code     0  libinit2.o(.ARM.Collect$$libinit$$00000033)
    __rt_lib_init_signal_1                   0x080001b1   Thumb Code     0  libinit2.o(.ARM.Collect$$libinit$$0000001D)
    __rt_lib_init_stdio_1                    0x080001b1   Thumb Code     0  libinit2.o(.ARM.Collect$$libinit$$00000025)
    __rt_lib_init_user_alloc_1               0x080001b1   Thumb Code     0  libinit2.o(.ARM.Collect$$libinit$$0000000C)
    __rt_lib_shutdown                        0x080001b3   Thumb Code     0  libshutdown.o(.ARM.Collect$$libshutdown$$00000000)
    __rt_lib_shutdown_cpp_1                  0x080001b5   Thumb Code     0  libshutdown2.o(.ARM.Collect$$libshutdown$$00000002)
    __rt_lib_shutdown_fp_trap_1              0x080001b5   Thumb Code     0  libshutdown2.o(.ARM.Collect$$libshutdown$$00000007)
    __rt_lib_shutdown_heap_1                 0x080001b5   Thumb Code     0  libshutdown2.o(.ARM.Collect$$libshutdown$$0000000F)
    __rt_lib_shutdown_return                 0x080001b5   Thumb Code     0  libshutdown2.o(.ARM.Collect$$libshutdown$$00000010)
    __rt_lib_shutdown_signal_1               0x080001b5   Thumb Code     0  libshutdown2.o(.ARM.Collect$$libshutdown$$0000000A)
    __rt_lib_shutdown_stdio_1                0x080001b5   Thumb Code     0  libshutdown2.o(.ARM.Collect$$libshutdown$$00000004)
    __rt_lib_shutdown_user_alloc_1           0x080001b5   Thumb Code     0  libshutdown2.o(.ARM.Collect$$libshutdown$$0000000C)
    __rt_entry                               0x080001b7   Thumb Code     0  __rtentry.o(.ARM.Collect$$rtentry$$00000000)
    __rt_entry_presh_1                       0x080001b7   Thumb Code     0  __rtentry2.o(.ARM.Collect$$rtentry$$00000002)
    __rt_entry_sh                            0x080001b7   Thumb Code     0  __rtentry4.o(.ARM.Collect$$rtentry$$00000004)
    __rt_entry_li                            0x080001bd   Thumb Code     0  __rtentry2.o(.ARM.Collect$$rtentry$$0000000A)
    __rt_entry_postsh_1                      0x080001bd   Thumb Code     0  __rtentry2.o(.ARM.Collect$$rtentry$$00000009)
    __rt_entry_main                          0x080001c1   Thumb Code     0  __rtentry2.o(.ARM.Collect$$rtentry$$0000000D)
    __rt_entry_postli_1                      0x080001c1   Thumb Code     0  __rtentry2.o(.ARM.Collect$$rtentry$$0000000C)
    __rt_exit                                0x080001c9   Thumb Code     0  rtexit.o(.ARM.Collect$$rtexit$$00000000)
    __rt_exit_ls                             0x080001cb   Thumb Code     0  rtexit2.o(.ARM.Collect$$rtexit$$00000003)
    __rt_exit_prels_1                        0x080001cb   Thumb Code     0  rtexit2.o(.ARM.Collect$$rtexit$$00000002)
    __rt_exit_exit                           0x080001cf   Thumb Code     0  rtexit2.o(.ARM.Collect$$rtexit$$00000004)
    main                                     0x080001d5   Thumb Code   204  main.o(.text)
    TIM4_IRQHandler                          0x080002a1   Thumb Code   104  main.o(.text)
    NMI_Handler                              0x08000335   Thumb Code     2  stm32f10x_it.o(.text)
    HardFault_Handler                        0x08000337   Thumb Code     4  stm32f10x_it.o(.text)
    MemManage_Handler                        0x0800033b   Thumb Code     4  stm32f10x_it.o(.text)
    BusFault_Handler                         0x0800033f   Thumb Code     4  stm32f10x_it.o(.text)
    UsageFault_Handler                       0x08000343   Thumb Code     4  stm32f10x_it.o(.text)
    SVC_Handler                              0x08000347   Thumb Code     2  stm32f10x_it.o(.text)
    DebugMon_Handler                         0x08000349   Thumb Code     2  stm32f10x_it.o(.text)
    PendSV_Handler                           0x0800034b   Thumb Code     2  stm32f10x_it.o(.text)
    SysTick_Handler                          0x0800034d   Thumb Code     2  stm32f10x_it.o(.text)
    SystemInit                               0x0800042f   Thumb Code    78  system_stm32f10x.o(.text)
    SystemCoreClockUpdate                    0x0800047d   Thumb Code   142  system_stm32f10x.o(.text)
    LED_Init                                 0x08000531   Thumb Code    40  led.o(.text)
    encoder_PWM_Init                         0x0800055d   Thumb Code   156  timer.o(.text)
    TIM4_Int_Init                            0x080005f9   Thumb Code    90  timer.o(.text)
    Encoder_Init_TIM2                        0x08000653   Thumb Code   154  timer.o(.text)
    Encoder_Init_TIM3                        0x080006ed   Thumb Code   148  timer.o(.text)
    Encoder_Init                             0x08000781   Thumb Code    40  timer.o(.text)
    Read_Encoder                             0x080007a9   Thumb Code    56  timer.o(.text)
    My_USART2_Init                           0x080007f5   Thumb Code   174  usart2.o(.text)
    USART2_IRQHandler                        0x080008a3   Thumb Code    48  usart2.o(.text)
    My_USART3_Init                           0x080008e5   Thumb Code   166  usart3.o(.text)
    USART3_IRQHandler                        0x0800098b   Thumb Code    90  usart3.o(.text)
    you_h                                    0x080009fd   Thumb Code    96  wheel.o(.text)
    you_q                                    0x08000a5d   Thumb Code    96  wheel.o(.text)
    zuo_q                                    0x08000abd   Thumb Code    92  wheel.o(.text)
    zuo_h                                    0x08000b19   Thumb Code    92  wheel.o(.text)
    _sys_exit                                0x08000b91   Thumb Code     4  xunji.o(.text)
    fputc                                    0x08000b95   Thumb Code   100  xunji.o(.text)
    zuoguai                                  0x08000bf9   Thumb Code    28  xunji.o(.text)
    qianjin                                  0x08000c15   Thumb Code    28  xunji.o(.text)
    stop                                     0x08000c31   Thumb Code    24  xunji.o(.text)
    youguai                                  0x08000c49   Thumb Code    28  xunji.o(.text)
    diaotou                                  0x08000c65   Thumb Code    26  xunji.o(.text)
    xunji                                    0x08000c7f   Thumb Code   220  xunji.o(.text)
    xunji1                                   0x08000d5b   Thumb Code   294  xunji.o(.text)
    xunji2                                   0x08000e81   Thumb Code   336  xunji.o(.text)
    xunji3                                   0x08000fd1   Thumb Code   746  xunji.o(.text)
    xunji4                                   0x080012bb   Thumb Code   790  xunji.o(.text)
    pid_init                                 0x080015f5   Thumb Code    18  pid.o(.text)
    pid_speed                                0x0800162f   Thumb Code   122  pid.o(.text)
    delay_init                               0x080016a9   Thumb Code    50  delay.o(.text)
    delay_us                                 0x080016db   Thumb Code    72  delay.o(.text)
    delay_ms                                 0x08001723   Thumb Code    72  delay.o(.text)
    My_USART1_Init                           0x0800177d   Thumb Code   174  usart.o(.text)
    USART1_IRQHandler                        0x0800182b   Thumb Code    90  usart.o(.text)
    Reset_Handler                            0x0800189d   Thumb Code     8  startup_stm32f10x_hd.o(.text)
    ADC1_2_IRQHandler                        0x080018b7   Thumb Code     0  startup_stm32f10x_hd.o(.text)
    ADC3_IRQHandler                          0x080018b7   Thumb Code     0  startup_stm32f10x_hd.o(.text)
    CAN1_RX1_IRQHandler                      0x080018b7   Thumb Code     0  startup_stm32f10x_hd.o(.text)
    CAN1_SCE_IRQHandler                      0x080018b7   Thumb Code     0  startup_stm32f10x_hd.o(.text)
    DMA1_Channel1_IRQHandler                 0x080018b7   Thumb Code     0  startup_stm32f10x_hd.o(.text)
    DMA1_Channel2_IRQHandler                 0x080018b7   Thumb Code     0  startup_stm32f10x_hd.o(.text)
    DMA1_Channel3_IRQHandler                 0x080018b7   Thumb Code     0  startup_stm32f10x_hd.o(.text)
    DMA1_Channel4_IRQHandler                 0x080018b7   Thumb Code     0  startup_stm32f10x_hd.o(.text)
    DMA1_Channel5_IRQHandler                 0x080018b7   Thumb Code     0  startup_stm32f10x_hd.o(.text)
    DMA1_Channel6_IRQHandler                 0x080018b7   Thumb Code     0  startup_stm32f10x_hd.o(.text)
    DMA1_Channel7_IRQHandler                 0x080018b7   Thumb Code     0  startup_stm32f10x_hd.o(.text)
    DMA2_Channel1_IRQHandler                 0x080018b7   Thumb Code     0  startup_stm32f10x_hd.o(.text)
    DMA2_Channel2_IRQHandler                 0x080018b7   Thumb Code     0  startup_stm32f10x_hd.o(.text)
    DMA2_Channel3_IRQHandler                 0x080018b7   Thumb Code     0  startup_stm32f10x_hd.o(.text)
    DMA2_Channel4_5_IRQHandler               0x080018b7   Thumb Code     0  startup_stm32f10x_hd.o(.text)
    EXTI0_IRQHandler                         0x080018b7   Thumb Code     0  startup_stm32f10x_hd.o(.text)
    EXTI15_10_IRQHandler                     0x080018b7   Thumb Code     0  startup_stm32f10x_hd.o(.text)
    EXTI1_IRQHandler                         0x080018b7   Thumb Code     0  startup_stm32f10x_hd.o(.text)
    EXTI2_IRQHandler                         0x080018b7   Thumb Code     0  startup_stm32f10x_hd.o(.text)
    EXTI3_IRQHandler                         0x080018b7   Thumb Code     0  startup_stm32f10x_hd.o(.text)
    EXTI4_IRQHandler                         0x080018b7   Thumb Code     0  startup_stm32f10x_hd.o(.text)
    EXTI9_5_IRQHandler                       0x080018b7   Thumb Code     0  startup_stm32f10x_hd.o(.text)
    FLASH_IRQHandler                         0x080018b7   Thumb Code     0  startup_stm32f10x_hd.o(.text)
    FSMC_IRQHandler                          0x080018b7   Thumb Code     0  startup_stm32f10x_hd.o(.text)
    I2C1_ER_IRQHandler                       0x080018b7   Thumb Code     0  startup_stm32f10x_hd.o(.text)
    I2C1_EV_IRQHandler                       0x080018b7   Thumb Code     0  startup_stm32f10x_hd.o(.text)
    I2C2_ER_IRQHandler                       0x080018b7   Thumb Code     0  startup_stm32f10x_hd.o(.text)
    I2C2_EV_IRQHandler                       0x080018b7   Thumb Code     0  startup_stm32f10x_hd.o(.text)
    PVD_IRQHandler                           0x080018b7   Thumb Code     0  startup_stm32f10x_hd.o(.text)
    RCC_IRQHandler                           0x080018b7   Thumb Code     0  startup_stm32f10x_hd.o(.text)
    RTCAlarm_IRQHandler                      0x080018b7   Thumb Code     0  startup_stm32f10x_hd.o(.text)
    RTC_IRQHandler                           0x080018b7   Thumb Code     0  startup_stm32f10x_hd.o(.text)
    SDIO_IRQHandler                          0x080018b7   Thumb Code     0  startup_stm32f10x_hd.o(.text)
    SPI1_IRQHandler                          0x080018b7   Thumb Code     0  startup_stm32f10x_hd.o(.text)
    SPI2_IRQHandler                          0x080018b7   Thumb Code     0  startup_stm32f10x_hd.o(.text)
    SPI3_IRQHandler                          0x080018b7   Thumb Code     0  startup_stm32f10x_hd.o(.text)
    TAMPER_IRQHandler                        0x080018b7   Thumb Code     0  startup_stm32f10x_hd.o(.text)
    TIM1_BRK_IRQHandler                      0x080018b7   Thumb Code     0  startup_stm32f10x_hd.o(.text)
    TIM1_CC_IRQHandler                       0x080018b7   Thumb Code     0  startup_stm32f10x_hd.o(.text)
    TIM1_TRG_COM_IRQHandler                  0x080018b7   Thumb Code     0  startup_stm32f10x_hd.o(.text)
    TIM1_UP_IRQHandler                       0x080018b7   Thumb Code     0  startup_stm32f10x_hd.o(.text)
    TIM2_IRQHandler                          0x080018b7   Thumb Code     0  startup_stm32f10x_hd.o(.text)
    TIM3_IRQHandler                          0x080018b7   Thumb Code     0  startup_stm32f10x_hd.o(.text)
    TIM5_IRQHandler                          0x080018b7   Thumb Code     0  startup_stm32f10x_hd.o(.text)
    TIM6_IRQHandler                          0x080018b7   Thumb Code     0  startup_stm32f10x_hd.o(.text)
    TIM7_IRQHandler                          0x080018b7   Thumb Code     0  startup_stm32f10x_hd.o(.text)
    TIM8_BRK_IRQHandler                      0x080018b7   Thumb Code     0  startup_stm32f10x_hd.o(.text)
    TIM8_CC_IRQHandler                       0x080018b7   Thumb Code     0  startup_stm32f10x_hd.o(.text)
    TIM8_TRG_COM_IRQHandler                  0x080018b7   Thumb Code     0  startup_stm32f10x_hd.o(.text)
    TIM8_UP_IRQHandler                       0x080018b7   Thumb Code     0  startup_stm32f10x_hd.o(.text)
    UART4_IRQHandler                         0x080018b7   Thumb Code     0  startup_stm32f10x_hd.o(.text)
    UART5_IRQHandler                         0x080018b7   Thumb Code     0  startup_stm32f10x_hd.o(.text)
    USBWakeUp_IRQHandler                     0x080018b7   Thumb Code     0  startup_stm32f10x_hd.o(.text)
    USB_HP_CAN1_TX_IRQHandler                0x080018b7   Thumb Code     0  startup_stm32f10x_hd.o(.text)
    USB_LP_CAN1_RX0_IRQHandler               0x080018b7   Thumb Code     0  startup_stm32f10x_hd.o(.text)
    WWDG_IRQHandler                          0x080018b7   Thumb Code     0  startup_stm32f10x_hd.o(.text)
    __user_initial_stackheap                 0x080018b9   Thumb Code     0  startup_stm32f10x_hd.o(.text)
    NVIC_PriorityGroupConfig                 0x080018dd   Thumb Code    10  misc.o(.text)
    NVIC_Init                                0x080018e7   Thumb Code   100  misc.o(.text)
    NVIC_SetVectorTable                      0x0800194b   Thumb Code    14  misc.o(.text)
    NVIC_SystemLPConfig                      0x08001959   Thumb Code    34  misc.o(.text)
    SysTick_CLKSourceConfig                  0x0800197b   Thumb Code    40  misc.o(.text)
    GPIO_DeInit                              0x080019b9   Thumb Code   172  stm32f10x_gpio.o(.text)
    GPIO_AFIODeInit                          0x08001a65   Thumb Code    20  stm32f10x_gpio.o(.text)
    GPIO_Init                                0x08001a79   Thumb Code   278  stm32f10x_gpio.o(.text)
    GPIO_StructInit                          0x08001b8f   Thumb Code    16  stm32f10x_gpio.o(.text)
    GPIO_ReadInputDataBit                    0x08001b9f   Thumb Code    18  stm32f10x_gpio.o(.text)
    GPIO_ReadInputData                       0x08001bb1   Thumb Code     8  stm32f10x_gpio.o(.text)
    GPIO_ReadOutputDataBit                   0x08001bb9   Thumb Code    18  stm32f10x_gpio.o(.text)
    GPIO_ReadOutputData                      0x08001bcb   Thumb Code     8  stm32f10x_gpio.o(.text)
    GPIO_SetBits                             0x08001bd3   Thumb Code     4  stm32f10x_gpio.o(.text)
    GPIO_ResetBits                           0x08001bd7   Thumb Code     4  stm32f10x_gpio.o(.text)
    GPIO_WriteBit                            0x08001bdb   Thumb Code    10  stm32f10x_gpio.o(.text)
    GPIO_Write                               0x08001be5   Thumb Code     4  stm32f10x_gpio.o(.text)
    GPIO_PinLockConfig                       0x08001be9   Thumb Code    18  stm32f10x_gpio.o(.text)
    GPIO_EventOutputConfig                   0x08001bfb   Thumb Code    26  stm32f10x_gpio.o(.text)
    GPIO_EventOutputCmd                      0x08001c15   Thumb Code     6  stm32f10x_gpio.o(.text)
    GPIO_PinRemapConfig                      0x08001c1b   Thumb Code   138  stm32f10x_gpio.o(.text)
    GPIO_EXTILineConfig                      0x08001ca5   Thumb Code    66  stm32f10x_gpio.o(.text)
    GPIO_ETH_MediaInterfaceConfig            0x08001ce7   Thumb Code     8  stm32f10x_gpio.o(.text)
    RCC_DeInit                               0x08001d15   Thumb Code    64  stm32f10x_rcc.o(.text)
    RCC_HSEConfig                            0x08001d55   Thumb Code    70  stm32f10x_rcc.o(.text)
    RCC_GetFlagStatus                        0x08001d9b   Thumb Code    56  stm32f10x_rcc.o(.text)
    RCC_WaitForHSEStartUp                    0x08001dd3   Thumb Code    56  stm32f10x_rcc.o(.text)
    RCC_AdjustHSICalibrationValue            0x08001e0b   Thumb Code    20  stm32f10x_rcc.o(.text)
    RCC_HSICmd                               0x08001e1f   Thumb Code     6  stm32f10x_rcc.o(.text)
    RCC_PLLConfig                            0x08001e25   Thumb Code    24  stm32f10x_rcc.o(.text)
    RCC_PLLCmd                               0x08001e3d   Thumb Code     6  stm32f10x_rcc.o(.text)
    RCC_SYSCLKConfig                         0x08001e43   Thumb Code    18  stm32f10x_rcc.o(.text)
    RCC_GetSYSCLKSource                      0x08001e55   Thumb Code    10  stm32f10x_rcc.o(.text)
    RCC_HCLKConfig                           0x08001e5f   Thumb Code    18  stm32f10x_rcc.o(.text)
    RCC_PCLK1Config                          0x08001e71   Thumb Code    18  stm32f10x_rcc.o(.text)
    RCC_PCLK2Config                          0x08001e83   Thumb Code    20  stm32f10x_rcc.o(.text)
    RCC_ITConfig                             0x08001e97   Thumb Code    26  stm32f10x_rcc.o(.text)
    RCC_USBCLKConfig                         0x08001eb1   Thumb Code     8  stm32f10x_rcc.o(.text)
    RCC_ADCCLKConfig                         0x08001eb9   Thumb Code    18  stm32f10x_rcc.o(.text)
    RCC_LSEConfig                            0x08001ecb   Thumb Code    50  stm32f10x_rcc.o(.text)
    RCC_LSICmd                               0x08001efd   Thumb Code     6  stm32f10x_rcc.o(.text)
    RCC_RTCCLKConfig                         0x08001f03   Thumb Code    12  stm32f10x_rcc.o(.text)
    RCC_RTCCLKCmd                            0x08001f0f   Thumb Code     8  stm32f10x_rcc.o(.text)
    RCC_GetClocksFreq                        0x08001f17   Thumb Code   192  stm32f10x_rcc.o(.text)
    RCC_AHBPeriphClockCmd                    0x08001fd7   Thumb Code    26  stm32f10x_rcc.o(.text)
    RCC_APB2PeriphClockCmd                   0x08001ff1   Thumb Code    26  stm32f10x_rcc.o(.text)
    RCC_APB1PeriphClockCmd                   0x0800200b   Thumb Code    26  stm32f10x_rcc.o(.text)
    RCC_APB2PeriphResetCmd                   0x08002025   Thumb Code    26  stm32f10x_rcc.o(.text)
    RCC_APB1PeriphResetCmd                   0x0800203f   Thumb Code    26  stm32f10x_rcc.o(.text)
    RCC_BackupResetCmd                       0x08002059   Thumb Code     8  stm32f10x_rcc.o(.text)
    RCC_ClockSecuritySystemCmd               0x08002061   Thumb Code     6  stm32f10x_rcc.o(.text)
    RCC_MCOConfig                            0x08002067   Thumb Code     6  stm32f10x_rcc.o(.text)
    RCC_ClearFlag                            0x0800206d   Thumb Code    14  stm32f10x_rcc.o(.text)
    RCC_GetITStatus                          0x0800207b   Thumb Code    20  stm32f10x_rcc.o(.text)
    RCC_ClearITPendingBit                    0x0800208f   Thumb Code     6  stm32f10x_rcc.o(.text)
    TIM_DeInit                               0x080020b9   Thumb Code   424  stm32f10x_tim.o(.text)
    TIM_TimeBaseInit                         0x08002261   Thumb Code   122  stm32f10x_tim.o(.text)
    TIM_OC1Init                              0x080022db   Thumb Code   132  stm32f10x_tim.o(.text)
    TIM_OC2Init                              0x0800235f   Thumb Code   154  stm32f10x_tim.o(.text)
    TIM_OC3Init                              0x080023f9   Thumb Code   150  stm32f10x_tim.o(.text)
    TIM_OC4Init                              0x0800248f   Thumb Code   182  stm32f10x_tim.o(.text)
    TIM_SetIC4Prescaler                      0x08002545   Thumb Code    26  stm32f10x_tim.o(.text)
    TIM_SetIC3Prescaler                      0x080025e1   Thumb Code    18  stm32f10x_tim.o(.text)
    TIM_SetIC2Prescaler                      0x0800266d   Thumb Code    26  stm32f10x_tim.o(.text)
    TIM_SetIC1Prescaler                      0x08002709   Thumb Code    18  stm32f10x_tim.o(.text)
    TIM_ICInit                               0x08002787   Thumb Code   150  stm32f10x_tim.o(.text)
    TIM_PWMIConfig                           0x0800281d   Thumb Code   124  stm32f10x_tim.o(.text)
    TIM_BDTRConfig                           0x08002899   Thumb Code    32  stm32f10x_tim.o(.text)
    TIM_TimeBaseStructInit                   0x080028b9   Thumb Code    18  stm32f10x_tim.o(.text)
    TIM_OCStructInit                         0x080028cb   Thumb Code    20  stm32f10x_tim.o(.text)
    TIM_ICStructInit                         0x080028df   Thumb Code    18  stm32f10x_tim.o(.text)
    TIM_BDTRStructInit                       0x080028f1   Thumb Code    40  stm32f10x_tim.o(.text)
    TIM_Cmd                                  0x08002919   Thumb Code    24  stm32f10x_tim.o(.text)
    TIM_CtrlPWMOutputs                       0x08002931   Thumb Code    30  stm32f10x_tim.o(.text)
    TIM_ITConfig                             0x0800294f   Thumb Code    18  stm32f10x_tim.o(.text)
    TIM_GenerateEvent                        0x08002961   Thumb Code     4  stm32f10x_tim.o(.text)
    TIM_DMAConfig                            0x08002965   Thumb Code    10  stm32f10x_tim.o(.text)
    TIM_DMACmd                               0x0800296f   Thumb Code    18  stm32f10x_tim.o(.text)
    TIM_InternalClockConfig                  0x08002981   Thumb Code    12  stm32f10x_tim.o(.text)
    TIM_SelectInputTrigger                   0x0800298d   Thumb Code    18  stm32f10x_tim.o(.text)
    TIM_ITRxExternalClockConfig              0x0800299f   Thumb Code    24  stm32f10x_tim.o(.text)
    TIM_TIxExternalClockConfig               0x080029b7   Thumb Code    62  stm32f10x_tim.o(.text)
    TIM_ETRConfig                            0x080029f5   Thumb Code    28  stm32f10x_tim.o(.text)
    TIM_ETRClockMode1Config                  0x08002a11   Thumb Code    54  stm32f10x_tim.o(.text)
    TIM_ETRClockMode2Config                  0x08002a47   Thumb Code    32  stm32f10x_tim.o(.text)
    TIM_PrescalerConfig                      0x08002a67   Thumb Code     6  stm32f10x_tim.o(.text)
    TIM_CounterModeConfig                    0x08002a6d   Thumb Code    18  stm32f10x_tim.o(.text)
    TIM_EncoderInterfaceConfig               0x08002a7f   Thumb Code    66  stm32f10x_tim.o(.text)
    TIM_ForcedOC1Config                      0x08002ac1   Thumb Code    18  stm32f10x_tim.o(.text)
    TIM_ForcedOC2Config                      0x08002ad3   Thumb Code    26  stm32f10x_tim.o(.text)
    TIM_ForcedOC3Config                      0x08002aed   Thumb Code    18  stm32f10x_tim.o(.text)
    TIM_ForcedOC4Config                      0x08002aff   Thumb Code    26  stm32f10x_tim.o(.text)
    TIM_ARRPreloadConfig                     0x08002b19   Thumb Code    24  stm32f10x_tim.o(.text)
    TIM_SelectCOM                            0x08002b31   Thumb Code    24  stm32f10x_tim.o(.text)
    TIM_SelectCCDMA                          0x08002b49   Thumb Code    24  stm32f10x_tim.o(.text)
    TIM_CCPreloadControl                     0x08002b61   Thumb Code    24  stm32f10x_tim.o(.text)
    TIM_OC1PreloadConfig                     0x08002b79   Thumb Code    18  stm32f10x_tim.o(.text)
    TIM_OC2PreloadConfig                     0x08002b8b   Thumb Code    26  stm32f10x_tim.o(.text)
    TIM_OC3PreloadConfig                     0x08002ba5   Thumb Code    18  stm32f10x_tim.o(.text)
    TIM_OC4PreloadConfig                     0x08002bb7   Thumb Code    26  stm32f10x_tim.o(.text)
    TIM_OC1FastConfig                        0x08002bd1   Thumb Code    18  stm32f10x_tim.o(.text)
    TIM_OC2FastConfig                        0x08002be3   Thumb Code    26  stm32f10x_tim.o(.text)
    TIM_OC3FastConfig                        0x08002bfd   Thumb Code    18  stm32f10x_tim.o(.text)
    TIM_OC4FastConfig                        0x08002c0f   Thumb Code    26  stm32f10x_tim.o(.text)
    TIM_ClearOC1Ref                          0x08002c29   Thumb Code    18  stm32f10x_tim.o(.text)
    TIM_ClearOC2Ref                          0x08002c3b   Thumb Code    24  stm32f10x_tim.o(.text)
    TIM_ClearOC3Ref                          0x08002c53   Thumb Code    18  stm32f10x_tim.o(.text)
    TIM_ClearOC4Ref                          0x08002c65   Thumb Code    24  stm32f10x_tim.o(.text)
    TIM_OC1PolarityConfig                    0x08002c7d   Thumb Code    18  stm32f10x_tim.o(.text)
    TIM_OC1NPolarityConfig                   0x08002c8f   Thumb Code    18  stm32f10x_tim.o(.text)
    TIM_OC2PolarityConfig                    0x08002ca1   Thumb Code    26  stm32f10x_tim.o(.text)
    TIM_OC2NPolarityConfig                   0x08002cbb   Thumb Code    26  stm32f10x_tim.o(.text)
    TIM_OC3PolarityConfig                    0x08002cd5   Thumb Code    26  stm32f10x_tim.o(.text)
    TIM_OC3NPolarityConfig                   0x08002cef   Thumb Code    26  stm32f10x_tim.o(.text)
    TIM_OC4PolarityConfig                    0x08002d09   Thumb Code    26  stm32f10x_tim.o(.text)
    TIM_CCxCmd                               0x08002d23   Thumb Code    30  stm32f10x_tim.o(.text)
    TIM_CCxNCmd                              0x08002d41   Thumb Code    30  stm32f10x_tim.o(.text)
    TIM_SelectOCxM                           0x08002d5f   Thumb Code    82  stm32f10x_tim.o(.text)
    TIM_UpdateDisableConfig                  0x08002db1   Thumb Code    24  stm32f10x_tim.o(.text)
    TIM_UpdateRequestConfig                  0x08002dc9   Thumb Code    24  stm32f10x_tim.o(.text)
    TIM_SelectHallSensor                     0x08002de1   Thumb Code    24  stm32f10x_tim.o(.text)
    TIM_SelectOnePulseMode                   0x08002df9   Thumb Code    18  stm32f10x_tim.o(.text)
    TIM_SelectOutputTrigger                  0x08002e0b   Thumb Code    18  stm32f10x_tim.o(.text)
    TIM_SelectSlaveMode                      0x08002e1d   Thumb Code    18  stm32f10x_tim.o(.text)
    TIM_SelectMasterSlaveMode                0x08002e2f   Thumb Code    18  stm32f10x_tim.o(.text)
    TIM_SetCounter                           0x08002e41   Thumb Code     4  stm32f10x_tim.o(.text)
    TIM_SetAutoreload                        0x08002e45   Thumb Code     4  stm32f10x_tim.o(.text)
    TIM_SetCompare1                          0x08002e49   Thumb Code     4  stm32f10x_tim.o(.text)
    TIM_SetCompare2                          0x08002e4d   Thumb Code     4  stm32f10x_tim.o(.text)
    TIM_SetCompare3                          0x08002e51   Thumb Code     4  stm32f10x_tim.o(.text)
    TIM_SetCompare4                          0x08002e55   Thumb Code     6  stm32f10x_tim.o(.text)
    TIM_SetClockDivision                     0x08002e5b   Thumb Code    18  stm32f10x_tim.o(.text)
    TIM_GetCapture1                          0x08002e6d   Thumb Code     6  stm32f10x_tim.o(.text)
    TIM_GetCapture2                          0x08002e73   Thumb Code     6  stm32f10x_tim.o(.text)
    TIM_GetCapture3                          0x08002e79   Thumb Code     6  stm32f10x_tim.o(.text)
    TIM_GetCapture4                          0x08002e7f   Thumb Code     8  stm32f10x_tim.o(.text)
    TIM_GetCounter                           0x08002e87   Thumb Code     6  stm32f10x_tim.o(.text)
    TIM_GetPrescaler                         0x08002e8d   Thumb Code     6  stm32f10x_tim.o(.text)
    TIM_GetFlagStatus                        0x08002e93   Thumb Code    18  stm32f10x_tim.o(.text)
    TIM_ClearFlag                            0x08002ea5   Thumb Code     6  stm32f10x_tim.o(.text)
    TIM_GetITStatus                          0x08002eab   Thumb Code    34  stm32f10x_tim.o(.text)
    TIM_ClearITPendingBit                    0x08002ecd   Thumb Code     6  stm32f10x_tim.o(.text)
    USART_DeInit                             0x08002ed5   Thumb Code   134  stm32f10x_usart.o(.text)
    USART_Init                               0x08002f5b   Thumb Code   210  stm32f10x_usart.o(.text)
    USART_StructInit                         0x0800302d   Thumb Code    24  stm32f10x_usart.o(.text)
    USART_ClockInit                          0x08003045   Thumb Code    34  stm32f10x_usart.o(.text)
    USART_ClockStructInit                    0x08003067   Thumb Code    12  stm32f10x_usart.o(.text)
    USART_Cmd                                0x08003073   Thumb Code    24  stm32f10x_usart.o(.text)
    USART_ITConfig                           0x0800308b   Thumb Code    74  stm32f10x_usart.o(.text)
    USART_DMACmd                             0x080030d5   Thumb Code    18  stm32f10x_usart.o(.text)
    USART_SetAddress                         0x080030e7   Thumb Code    18  stm32f10x_usart.o(.text)
    USART_WakeUpConfig                       0x080030f9   Thumb Code    18  stm32f10x_usart.o(.text)
    USART_ReceiverWakeUpCmd                  0x0800310b   Thumb Code    24  stm32f10x_usart.o(.text)
    USART_LINBreakDetectLengthConfig         0x08003123   Thumb Code    18  stm32f10x_usart.o(.text)
    USART_LINCmd                             0x08003135   Thumb Code    24  stm32f10x_usart.o(.text)
    USART_SendData                           0x0800314d   Thumb Code     8  stm32f10x_usart.o(.text)
    USART_ReceiveData                        0x08003155   Thumb Code    10  stm32f10x_usart.o(.text)
    USART_SendBreak                          0x0800315f   Thumb Code    10  stm32f10x_usart.o(.text)
    USART_SetGuardTime                       0x08003169   Thumb Code    16  stm32f10x_usart.o(.text)
    USART_SetPrescaler                       0x08003179   Thumb Code    16  stm32f10x_usart.o(.text)
    USART_SmartCardCmd                       0x08003189   Thumb Code    24  stm32f10x_usart.o(.text)
    USART_SmartCardNACKCmd                   0x080031a1   Thumb Code    24  stm32f10x_usart.o(.text)
    USART_HalfDuplexCmd                      0x080031b9   Thumb Code    24  stm32f10x_usart.o(.text)
    USART_OverSampling8Cmd                   0x080031d1   Thumb Code    22  stm32f10x_usart.o(.text)
    USART_OneBitMethodCmd                    0x080031e7   Thumb Code    24  stm32f10x_usart.o(.text)
    USART_IrDAConfig                         0x080031ff   Thumb Code    18  stm32f10x_usart.o(.text)
    USART_IrDACmd                            0x08003211   Thumb Code    24  stm32f10x_usart.o(.text)
    USART_GetFlagStatus                      0x08003229   Thumb Code    26  stm32f10x_usart.o(.text)
    USART_ClearFlag                          0x08003243   Thumb Code    18  stm32f10x_usart.o(.text)
    USART_GetITStatus                        0x08003255   Thumb Code    84  stm32f10x_usart.o(.text)
    USART_ClearITPendingBit                  0x080032a9   Thumb Code    52  stm32f10x_usart.o(.text)
    __2printf                                0x080032dd   Thumb Code    20  noretval__2printf.o(.text)
    __printf                                 0x080032f5   Thumb Code   104  __printf.o(.text)
    _printf_int_dec                          0x0800335d   Thumb Code   104  _printf_dec.o(.text)
    __use_two_region_memory                  0x080033d5   Thumb Code     2  heapauxi.o(.text)
    __rt_heap_escrow$2region                 0x080033d7   Thumb Code     2  heapauxi.o(.text)
    __rt_heap_expand$2region                 0x080033d9   Thumb Code     2  heapauxi.o(.text)
    _printf_int_common                       0x080033db   Thumb Code   178  _printf_intcommon.o(.text)
    _printf_char_file                        0x0800348d   Thumb Code    32  _printf_char_file.o(.text)
    _printf_char_common                      0x080034bb   Thumb Code    32  _printf_char_common.o(.text)
    ferror                                   0x080034e1   Thumb Code     8  ferror.o(.text)
    __user_setup_stackheap                   0x080034e9   Thumb Code    74  sys_stackheap_outer.o(.text)
    exit                                     0x08003533   Thumb Code    18  exit.o(.text)
    __user_libspace                          0x08003545   Thumb Code     8  libspace.o(.text)
    __user_perproc_libspace                  0x08003545   Thumb Code     0  libspace.o(.text)
    __user_perthread_libspace                0x08003545   Thumb Code     0  libspace.o(.text)
    __aeabi_dadd                             0x0800354d   Thumb Code     0  daddsub_clz.o(x$fpl$dadd)
    _dadd                                    0x0800354d   Thumb Code   332  daddsub_clz.o(x$fpl$dadd)
    __aeabi_d2uiz                            0x0800369d   Thumb Code     0  dfixu.o(x$fpl$dfixu)
    _dfixu                                   0x0800369d   Thumb Code    90  dfixu.o(x$fpl$dfixu)
    __aeabi_i2d                              0x080036f7   Thumb Code     0  dflt_clz.o(x$fpl$dflt)
    _dflt                                    0x080036f7   Thumb Code    46  dflt_clz.o(x$fpl$dflt)
    __aeabi_dmul                             0x08003725   Thumb Code     0  dmul.o(x$fpl$dmul)
    _dmul                                    0x08003725   Thumb Code   332  dmul.o(x$fpl$dmul)
    __fpl_dnaninf                            0x08003879   Thumb Code   156  dnaninf.o(x$fpl$dnaninf)
    __fpl_dretinf                            0x08003915   Thumb Code    12  dretinf.o(x$fpl$dretinf)
    __aeabi_dsub                             0x08003921   Thumb Code     0  daddsub_clz.o(x$fpl$dsub)
    _dsub                                    0x08003921   Thumb Code   464  daddsub_clz.o(x$fpl$dsub)
    __aeabi_fadd                             0x08003af5   Thumb Code     0  faddsub_clz.o(x$fpl$fadd)
    _fadd                                    0x08003af5   Thumb Code   196  faddsub_clz.o(x$fpl$fadd)
    __fpl_fcmp_Inf                           0x08003bb9   Thumb Code    24  fcmpi.o(x$fpl$fcmpinf)
    __aeabi_f2iz                             0x08003bd1   Thumb Code     0  ffix.o(x$fpl$ffix)
    _ffix                                    0x08003bd1   Thumb Code    54  ffix.o(x$fpl$ffix)
    __aeabi_i2f                              0x08003c09   Thumb Code     0  fflt_clz.o(x$fpl$fflt)
    _fflt                                    0x08003c09   Thumb Code    48  fflt_clz.o(x$fpl$fflt)
    __aeabi_ui2f                             0x08003c39   Thumb Code     0  fflt_clz.o(x$fpl$ffltu)
    _ffltu                                   0x08003c39   Thumb Code    38  fflt_clz.o(x$fpl$ffltu)
    __aeabi_cfcmple                          0x08003c61   Thumb Code     0  fleqf.o(x$fpl$fleqf)
    _fcmple                                  0x08003c61   Thumb Code   104  fleqf.o(x$fpl$fleqf)
    __fpl_fcmple_InfNaN                      0x08003cb3   Thumb Code     0  fleqf.o(x$fpl$fleqf)
    __aeabi_fmul                             0x08003cc9   Thumb Code     0  fmul.o(x$fpl$fmul)
    _fmul                                    0x08003cc9   Thumb Code   258  fmul.o(x$fpl$fmul)
    __fpl_fnaninf                            0x08003dcb   Thumb Code   140  fnaninf.o(x$fpl$fnaninf)
    __fpl_fretinf                            0x08003e57   Thumb Code    10  fretinf.o(x$fpl$fretinf)
    __aeabi_cfrcmple                         0x08003e61   Thumb Code     0  frleqf.o(x$fpl$frleqf)
    _frcmple                                 0x08003e61   Thumb Code    98  frleqf.o(x$fpl$frleqf)
    __aeabi_fsub                             0x08003ec5   Thumb Code     0  faddsub_clz.o(x$fpl$fsub)
    _fsub                                    0x08003ec5   Thumb Code   234  faddsub_clz.o(x$fpl$fsub)
    __I$use$fp                               0x08003fae   Number         0  usenofp.o(x$fpl$usenofp)
    Region$$Table$$Base                      0x08003fb0   Number         0  anon$$obj.o(Region$$Table)
    Region$$Table$$Limit                     0x08003fd0   Number         0  anon$$obj.o(Region$$Table)
    dianji_sudu_zuo                          0x20000000   Data           4  main.o(.data)
    dianji_sudu_you                          0x20000004   Data           4  main.o(.data)
    dianji_zuo_duqu                          0x20000008   Data           4  main.o(.data)
    dianji_you_duqu                          0x2000000c   Data           4  main.o(.data)
    pwm_dianji_zuo                           0x20000010   Data           4  main.o(.data)
    pwm_dianji_you                           0x20000014   Data           4  main.o(.data)
    SystemCoreClock                          0x20000018   Data           4  system_stm32f10x.o(.data)
    AHBPrescTable                            0x2000001c   Data          16  system_stm32f10x.o(.data)
    num_usart3                               0x2000002c   Data           1  usart3.o(.data)
    start_usart3                             0x2000002d   Data           1  usart3.o(.data)
    packerflag_usart3                        0x2000002e   Data           1  usart3.o(.data)
    USART_PRINTF_FLAG                        0x20000030   Data           4  xunji.o(.data)
    shizi                                    0x20000034   Data           4  xunji.o(.data)
    zhuanwan_flag                            0x20000038   Data           4  xunji.o(.data)
    tingzhi_flag                             0x2000003c   Data           4  xunji.o(.data)
    hongdian                                 0x20000040   Data           4  xunji.o(.data)
    diaotou_flag                             0x20000044   Data           4  xunji.o(.data)
    __stdout                                 0x20000048   Data           4  xunji.o(.data)
    num_usart1                               0x20000050   Data           1  usart.o(.data)
    start_usart1                             0x20000051   Data           1  usart.o(.data)
    packerflag_usart1                        0x20000052   Data           1  usart.o(.data)
    rxbuf_usart1                             0x20000053   Data          10  usart.o(.data)
    speed_pid_zuo                            0x20000074   Data          48  main.o(.bss)
    speed_pid_you                            0x200000a4   Data          48  main.o(.bss)
    rxbuf_usart2                             0x200000d4   Data          10  usart2.o(.bss)
    rxbuf_usart3                             0x200000de   Data          10  usart3.o(.bss)
    zhuanwan                                 0x200000e8   Data          16  xunji.o(.bss)
    __libspace_start                         0x200000f8   Data          96  libspace.o(.bss)
    __temporary_stack_top$libspace           0x20000158   Data           0  libspace.o(.bss)



==============================================================================

Memory Map of the image

  Image Entry point : 0x08000131

  Load Region LR_IROM1 (Base: 0x08000000, Size: 0x00004044, Max: 0x00010000, ABSOLUTE)

    Execution Region ER_IROM1 (Base: 0x08000000, Size: 0x00003fd0, Max: 0x00010000, ABSOLUTE)

    Base Addr    Size         Type   Attr      Idx    E Section Name        Object

    0x08000000   0x00000130   Data   RO          380    RESET               startup_stm32f10x_hd.o
    0x08000130   0x00000008   Code   RO          481  * !!!main             c_w.l(__main.o)
    0x08000138   0x00000034   Code   RO          700    !!!scatter          c_w.l(__scatter.o)
    0x0800016c   0x0000001a   Code   RO          702    !!handler_copy      c_w.l(__scatter_copy.o)
    0x08000186   0x00000002   PAD
    0x08000188   0x0000001c   Code   RO          704    !!handler_zi        c_w.l(__scatter_zi.o)
    0x080001a4   0x00000000   Code   RO          478    .ARM.Collect$$_printf_percent$$00000000  c_w.l(_printf_percent.o)
    0x080001a4   0x00000006   Code   RO          477    .ARM.Collect$$_printf_percent$$00000009  c_w.l(_printf_d.o)
    0x080001aa   0x00000004   Code   RO          526    .ARM.Collect$$_printf_percent$$00000017  c_w.l(_printf_percent_end.o)
    0x080001ae   0x00000002   Code   RO          572    .ARM.Collect$$libinit$$00000000  c_w.l(libinit.o)
    0x080001b0   0x00000000   Code   RO          579    .ARM.Collect$$libinit$$00000002  c_w.l(libinit2.o)
    0x080001b0   0x00000000   Code   RO          581    .ARM.Collect$$libinit$$00000004  c_w.l(libinit2.o)
    0x080001b0   0x00000000   Code   RO          584    .ARM.Collect$$libinit$$0000000A  c_w.l(libinit2.o)
    0x080001b0   0x00000000   Code   RO          586    .ARM.Collect$$libinit$$0000000C  c_w.l(libinit2.o)
    0x080001b0   0x00000000   Code   RO          588    .ARM.Collect$$libinit$$0000000E  c_w.l(libinit2.o)
    0x080001b0   0x00000000   Code   RO          591    .ARM.Collect$$libinit$$00000011  c_w.l(libinit2.o)
    0x080001b0   0x00000000   Code   RO          593    .ARM.Collect$$libinit$$00000013  c_w.l(libinit2.o)
    0x080001b0   0x00000000   Code   RO          595    .ARM.Collect$$libinit$$00000015  c_w.l(libinit2.o)
    0x080001b0   0x00000000   Code   RO          597    .ARM.Collect$$libinit$$00000017  c_w.l(libinit2.o)
    0x080001b0   0x00000000   Code   RO          599    .ARM.Collect$$libinit$$00000019  c_w.l(libinit2.o)
    0x080001b0   0x00000000   Code   RO          601    .ARM.Collect$$libinit$$0000001B  c_w.l(libinit2.o)
    0x080001b0   0x00000000   Code   RO          603    .ARM.Collect$$libinit$$0000001D  c_w.l(libinit2.o)
    0x080001b0   0x00000000   Code   RO          605    .ARM.Collect$$libinit$$0000001F  c_w.l(libinit2.o)
    0x080001b0   0x00000000   Code   RO          607    .ARM.Collect$$libinit$$00000021  c_w.l(libinit2.o)
    0x080001b0   0x00000000   Code   RO          609    .ARM.Collect$$libinit$$00000023  c_w.l(libinit2.o)
    0x080001b0   0x00000000   Code   RO          611    .ARM.Collect$$libinit$$00000025  c_w.l(libinit2.o)
    0x080001b0   0x00000000   Code   RO          615    .ARM.Collect$$libinit$$0000002C  c_w.l(libinit2.o)
    0x080001b0   0x00000000   Code   RO          617    .ARM.Collect$$libinit$$0000002E  c_w.l(libinit2.o)
    0x080001b0   0x00000000   Code   RO          619    .ARM.Collect$$libinit$$00000030  c_w.l(libinit2.o)
    0x080001b0   0x00000000   Code   RO          621    .ARM.Collect$$libinit$$00000032  c_w.l(libinit2.o)
    0x080001b0   0x00000002   Code   RO          622    .ARM.Collect$$libinit$$00000033  c_w.l(libinit2.o)
    0x080001b2   0x00000002   Code   RO          640    .ARM.Collect$$libshutdown$$00000000  c_w.l(libshutdown.o)
    0x080001b4   0x00000000   Code   RO          650    .ARM.Collect$$libshutdown$$00000002  c_w.l(libshutdown2.o)
    0x080001b4   0x00000000   Code   RO          652    .ARM.Collect$$libshutdown$$00000004  c_w.l(libshutdown2.o)
    0x080001b4   0x00000000   Code   RO          655    .ARM.Collect$$libshutdown$$00000007  c_w.l(libshutdown2.o)
    0x080001b4   0x00000000   Code   RO          658    .ARM.Collect$$libshutdown$$0000000A  c_w.l(libshutdown2.o)
    0x080001b4   0x00000000   Code   RO          660    .ARM.Collect$$libshutdown$$0000000C  c_w.l(libshutdown2.o)
    0x080001b4   0x00000000   Code   RO          663    .ARM.Collect$$libshutdown$$0000000F  c_w.l(libshutdown2.o)
    0x080001b4   0x00000002   Code   RO          664    .ARM.Collect$$libshutdown$$00000010  c_w.l(libshutdown2.o)
    0x080001b6   0x00000000   Code   RO          521    .ARM.Collect$$rtentry$$00000000  c_w.l(__rtentry.o)
    0x080001b6   0x00000000   Code   RO          539    .ARM.Collect$$rtentry$$00000002  c_w.l(__rtentry2.o)
    0x080001b6   0x00000006   Code   RO          551    .ARM.Collect$$rtentry$$00000004  c_w.l(__rtentry4.o)
    0x080001bc   0x00000000   Code   RO          541    .ARM.Collect$$rtentry$$00000009  c_w.l(__rtentry2.o)
    0x080001bc   0x00000004   Code   RO          542    .ARM.Collect$$rtentry$$0000000A  c_w.l(__rtentry2.o)
    0x080001c0   0x00000000   Code   RO          544    .ARM.Collect$$rtentry$$0000000C  c_w.l(__rtentry2.o)
    0x080001c0   0x00000008   Code   RO          545    .ARM.Collect$$rtentry$$0000000D  c_w.l(__rtentry2.o)
    0x080001c8   0x00000002   Code   RO          576    .ARM.Collect$$rtexit$$00000000  c_w.l(rtexit.o)
    0x080001ca   0x00000000   Code   RO          624    .ARM.Collect$$rtexit$$00000002  c_w.l(rtexit2.o)
    0x080001ca   0x00000004   Code   RO          625    .ARM.Collect$$rtexit$$00000003  c_w.l(rtexit2.o)
    0x080001ce   0x00000006   Code   RO          626    .ARM.Collect$$rtexit$$00000004  c_w.l(rtexit2.o)
    0x080001d4   0x00000160   Code   RO            1    .text               main.o
    0x08000334   0x0000001a   Code   RO          150    .text               stm32f10x_it.o
    0x0800034e   0x00000002   PAD
    0x08000350   0x000001e0   Code   RO          191    .text               system_stm32f10x.o
    0x08000530   0x0000002c   Code   RO          209    .text               led.o
    0x0800055c   0x00000298   Code   RO          221    .text               timer.o
    0x080007f4   0x000000f0   Code   RO          233    .text               usart2.o
    0x080008e4   0x00000118   Code   RO          260    .text               usart3.o
    0x080009fc   0x00000194   Code   RO          276    .text               wheel.o
    0x08000b90   0x00000a64   Code   RO          289    .text               xunji.o
    0x080015f4   0x000000b4   Code   RO          310    .text               pid.o
    0x080016a8   0x000000d4   Code   RO          322    .text               delay.o
    0x0800177c   0x00000120   Code   RO          353    .text               usart.o
    0x0800189c   0x00000040   Code   RO          381    .text               startup_stm32f10x_hd.o
    0x080018dc   0x000000dc   Code   RO          385    .text               misc.o
    0x080019b8   0x0000035c   Code   RO          397    .text               stm32f10x_gpio.o
    0x08001d14   0x000003a4   Code   RO          409    .text               stm32f10x_rcc.o
    0x080020b8   0x00000e1a   Code   RO          423    .text               stm32f10x_tim.o
    0x08002ed2   0x00000002   PAD
    0x08002ed4   0x00000408   Code   RO          435    .text               stm32f10x_usart.o
    0x080032dc   0x00000018   Code   RO          451    .text               c_w.l(noretval__2printf.o)
    0x080032f4   0x00000068   Code   RO          453    .text               c_w.l(__printf.o)
    0x0800335c   0x00000078   Code   RO          455    .text               c_w.l(_printf_dec.o)
    0x080033d4   0x00000006   Code   RO          479    .text               c_w.l(heapauxi.o)
    0x080033da   0x000000b2   Code   RO          522    .text               c_w.l(_printf_intcommon.o)
    0x0800348c   0x00000024   Code   RO          524    .text               c_w.l(_printf_char_file.o)
    0x080034b0   0x00000030   Code   RO          553    .text               c_w.l(_printf_char_common.o)
    0x080034e0   0x00000008   Code   RO          555    .text               c_w.l(ferror.o)
    0x080034e8   0x0000004a   Code   RO          561    .text               c_w.l(sys_stackheap_outer.o)
    0x08003532   0x00000012   Code   RO          565    .text               c_w.l(exit.o)
    0x08003544   0x00000008   Code   RO          573    .text               c_w.l(libspace.o)
    0x0800354c   0x00000150   Code   RO          483    x$fpl$dadd          fz_ws.l(daddsub_clz.o)
    0x0800369c   0x0000005a   Code   RO          489    x$fpl$dfixu         fz_ws.l(dfixu.o)
    0x080036f6   0x0000002e   Code   RO          494    x$fpl$dflt          fz_ws.l(dflt_clz.o)
    0x08003724   0x00000154   Code   RO          499    x$fpl$dmul          fz_ws.l(dmul.o)
    0x08003878   0x0000009c   Code   RO          527    x$fpl$dnaninf       fz_ws.l(dnaninf.o)
    0x08003914   0x0000000c   Code   RO          529    x$fpl$dretinf       fz_ws.l(dretinf.o)
    0x08003920   0x000001d4   Code   RO          485    x$fpl$dsub          fz_ws.l(daddsub_clz.o)
    0x08003af4   0x000000c4   Code   RO          501    x$fpl$fadd          fz_ws.l(faddsub_clz.o)
    0x08003bb8   0x00000018   Code   RO          559    x$fpl$fcmpinf       fz_ws.l(fcmpi.o)
    0x08003bd0   0x00000036   Code   RO          507    x$fpl$ffix          fz_ws.l(ffix.o)
    0x08003c06   0x00000002   PAD
    0x08003c08   0x00000030   Code   RO          512    x$fpl$fflt          fz_ws.l(fflt_clz.o)
    0x08003c38   0x00000026   Code   RO          511    x$fpl$ffltu         fz_ws.l(fflt_clz.o)
    0x08003c5e   0x00000002   PAD
    0x08003c60   0x00000068   Code   RO          531    x$fpl$fleqf         fz_ws.l(fleqf.o)
    0x08003cc8   0x00000102   Code   RO          517    x$fpl$fmul          fz_ws.l(fmul.o)
    0x08003dca   0x0000008c   Code   RO          533    x$fpl$fnaninf       fz_ws.l(fnaninf.o)
    0x08003e56   0x0000000a   Code   RO          535    x$fpl$fretinf       fz_ws.l(fretinf.o)
    0x08003e60   0x00000062   Code   RO          519    x$fpl$frleqf        fz_ws.l(frleqf.o)
    0x08003ec2   0x00000002   PAD
    0x08003ec4   0x000000ea   Code   RO          503    x$fpl$fsub          fz_ws.l(faddsub_clz.o)
    0x08003fae   0x00000000   Code   RO          537    x$fpl$usenofp       fz_ws.l(usenofp.o)
    0x08003fae   0x00000002   PAD
    0x08003fb0   0x00000020   Data   RO          698    Region$$Table       anon$$obj.o


    Execution Region RW_IRAM1 (Base: 0x20000000, Size: 0x00000758, Max: 0x00005000, ABSOLUTE)

    Base Addr    Size         Type   Attr      Idx    E Section Name        Object

    0x20000000   0x00000018   Data   RW            3    .data               main.o
    0x20000018   0x00000014   Data   RW          192    .data               system_stm32f10x.o
    0x2000002c   0x00000003   Data   RW          262    .data               usart3.o
    0x2000002f   0x00000001   PAD
    0x20000030   0x0000001c   Data   RW          291    .data               xunji.o
    0x2000004c   0x00000004   Data   RW          323    .data               delay.o
    0x20000050   0x0000000d   Data   RW          354    .data               usart.o
    0x2000005d   0x00000014   Data   RW          410    .data               stm32f10x_rcc.o
    0x20000071   0x00000003   PAD
    0x20000074   0x00000060   Zero   RW            2    .bss                main.o
    0x200000d4   0x0000000a   Zero   RW          234    .bss                usart2.o
    0x200000de   0x0000000a   Zero   RW          261    .bss                usart3.o
    0x200000e8   0x00000010   Zero   RW          290    .bss                xunji.o
    0x200000f8   0x00000060   Zero   RW          574    .bss                c_w.l(libspace.o)
    0x20000158   0x00000200   Zero   RW          379    HEAP                startup_stm32f10x_hd.o
    0x20000358   0x00000400   Zero   RW          378    STACK               startup_stm32f10x_hd.o


==============================================================================

Image component sizes


      Code (inc. data)   RO Data    RW Data    ZI Data      Debug   Object Name

       212         18          0          4          0       1007   delay.o
        44          4          0          0          0        463   led.o
       352         44          0         24         96     252991   main.o
       220         22          0          0          0       1765   misc.o
       180          0          0          0          0       1445   pid.o
        64         26        304          0       1536        780   startup_stm32f10x_hd.o
       860         38          0          0          0       5697   stm32f10x_gpio.o
        26          0          0          0          0       1162   stm32f10x_it.o
       932         36          0         20          0       8860   stm32f10x_rcc.o
      3610         88          0          0          0      22808   stm32f10x_tim.o
      1032         22          0          0          0       8424   stm32f10x_usart.o
         0          0          0          0          0         32   sys.o
       480         38          0         20          0       1683   system_stm32f10x.o
       664         20          0          0          0       2127   timer.o
       288         24          0         13          0       1532   usart.o
       240         18          0          0         10       1394   usart2.o
       280         24          0          3         10       1536   usart3.o
       404         28          0          0          0       1034   wheel.o
      2660        110          0         28         16       6229   xunji.o

    ----------------------------------------------------------------------
     12552        560        336        116       1668     320969   Object Totals
         0          0         32          0          0          0   (incl. Generated)
         4          0          0          4          0          0   (incl. Padding)

    ----------------------------------------------------------------------

      Code (inc. data)   RO Data    RW Data    ZI Data      Debug   Library Member Name

         8          0          0          0          0         68   __main.o
       104          0          0          0          0         84   __printf.o
         0          0          0          0          0          0   __rtentry.o
        12          0          0          0          0          0   __rtentry2.o
         6          0          0          0          0          0   __rtentry4.o
        52          8          0          0          0          0   __scatter.o
        26          0          0          0          0          0   __scatter_copy.o
        28          0          0          0          0          0   __scatter_zi.o
        48          6          0          0          0         96   _printf_char_common.o
        36          4          0          0          0         80   _printf_char_file.o
         6          0          0          0          0          0   _printf_d.o
       120         16          0          0          0         92   _printf_dec.o
       178          0          0          0          0         88   _printf_intcommon.o
         0          0          0          0          0          0   _printf_percent.o
         4          0          0          0          0          0   _printf_percent_end.o
        18          0          0          0          0         80   exit.o
         8          0          0          0          0         68   ferror.o
         6          0          0          0          0        152   heapauxi.o
         2          0          0          0          0          0   libinit.o
         2          0          0          0          0          0   libinit2.o
         2          0          0          0          0          0   libshutdown.o
         2          0          0          0          0          0   libshutdown2.o
         8          4          0          0         96         68   libspace.o
        24          4          0          0          0         84   noretval__2printf.o
         2          0          0          0          0          0   rtexit.o
        10          0          0          0          0          0   rtexit2.o
        74          0          0          0          0         80   sys_stackheap_outer.o
       804         16          0          0          0        272   daddsub_clz.o
        90          4          0          0          0         92   dfixu.o
        46          0          0          0          0         68   dflt_clz.o
       340         12          0          0          0        104   dmul.o
       156          4          0          0          0         92   dnaninf.o
        12          0          0          0          0         68   dretinf.o
       430          8          0          0          0        168   faddsub_clz.o
        24          0          0          0          0         68   fcmpi.o
        54          4          0          0          0         84   ffix.o
        86          0          0          0          0        136   fflt_clz.o
       104          4          0          0          0         84   fleqf.o
       258          4          0          0          0         84   fmul.o
       140          4          0          0          0         84   fnaninf.o
        10          0          0          0          0         68   fretinf.o
        98          0          0          0          0         68   frleqf.o
         0          0          0          0          0          0   usenofp.o

    ----------------------------------------------------------------------
      3448        102          0          0         96       2580   Library Totals
        10          0          0          0          0          0   (incl. Padding)

    ----------------------------------------------------------------------

      Code (inc. data)   RO Data    RW Data    ZI Data      Debug   Library Name

       786         42          0          0         96       1040   c_w.l
      2652         60          0          0          0       1540   fz_ws.l

    ----------------------------------------------------------------------
      3448        102          0          0         96       2580   Library Totals

    ----------------------------------------------------------------------

==============================================================================


      Code (inc. data)   RO Data    RW Data    ZI Data      Debug   

     16000        662        336        116       1764     320997   Grand Totals
     16000        662        336        116       1764     320997   ELF Image Totals
     16000        662        336        116          0          0   ROM Totals

==============================================================================

    Total RO  Size (Code + RO Data)                16336 (  15.95kB)
    Total RW  Size (RW Data + ZI Data)              1880 (   1.84kB)
    Total ROM Size (Code + RO Data + RW Data)      16452 (  16.07kB)

==============================================================================

